Archive member included to satisfy reference by file (symbol)

/home/perina/altera/14.1/nios2eds/bin/gnu/H-x86_64-pc-linux-gnu/bin/../lib/gcc/nios2-elf/4.8.3/../../../../../H-x86_64-pc-linux-gnu/nios2-elf/lib/mno-hw-mul/libc.a(lib_a-getc.o)
                              obj/default/main.o (getc)
/home/perina/altera/14.1/nios2eds/bin/gnu/H-x86_64-pc-linux-gnu/bin/../lib/gcc/nios2-elf/4.8.3/../../../../../H-x86_64-pc-linux-gnu/nios2-elf/lib/mno-hw-mul/libc.a(lib_a-impure.o)
                              obj/default/main.o (_impure_ptr)
/home/perina/altera/14.1/nios2eds/bin/gnu/H-x86_64-pc-linux-gnu/bin/../lib/gcc/nios2-elf/4.8.3/../../../../../H-x86_64-pc-linux-gnu/nios2-elf/lib/mno-hw-mul/libc.a(lib_a-printf.o)
                              obj/default/main.o (printf)
/home/perina/altera/14.1/nios2eds/bin/gnu/H-x86_64-pc-linux-gnu/bin/../lib/gcc/nios2-elf/4.8.3/../../../../../H-x86_64-pc-linux-gnu/nios2-elf/lib/mno-hw-mul/libc.a(lib_a-puts.o)
                              obj/default/main.o (puts)
/home/perina/altera/14.1/nios2eds/bin/gnu/H-x86_64-pc-linux-gnu/bin/../lib/gcc/nios2-elf/4.8.3/../../../../../H-x86_64-pc-linux-gnu/nios2-elf/lib/mno-hw-mul/libc.a(lib_a-rget.o)
                              /home/perina/altera/14.1/nios2eds/bin/gnu/H-x86_64-pc-linux-gnu/bin/../lib/gcc/nios2-elf/4.8.3/../../../../../H-x86_64-pc-linux-gnu/nios2-elf/lib/mno-hw-mul/libc.a(lib_a-getc.o) (__srget_r)
/home/perina/altera/14.1/nios2eds/bin/gnu/H-x86_64-pc-linux-gnu/bin/../lib/gcc/nios2-elf/4.8.3/../../../../../H-x86_64-pc-linux-gnu/nios2-elf/lib/mno-hw-mul/libc.a(lib_a-strlen.o)
                              /home/perina/altera/14.1/nios2eds/bin/gnu/H-x86_64-pc-linux-gnu/bin/../lib/gcc/nios2-elf/4.8.3/../../../../../H-x86_64-pc-linux-gnu/nios2-elf/lib/mno-hw-mul/libc.a(lib_a-puts.o) (strlen)
/home/perina/altera/14.1/nios2eds/bin/gnu/H-x86_64-pc-linux-gnu/bin/../lib/gcc/nios2-elf/4.8.3/../../../../../H-x86_64-pc-linux-gnu/nios2-elf/lib/mno-hw-mul/libc.a(lib_a-vfprintf.o)
                              /home/perina/altera/14.1/nios2eds/bin/gnu/H-x86_64-pc-linux-gnu/bin/../lib/gcc/nios2-elf/4.8.3/../../../../../H-x86_64-pc-linux-gnu/nios2-elf/lib/mno-hw-mul/libc.a(lib_a-printf.o) (___vfprintf_internal_r)
/home/perina/altera/14.1/nios2eds/bin/gnu/H-x86_64-pc-linux-gnu/bin/../lib/gcc/nios2-elf/4.8.3/../../../../../H-x86_64-pc-linux-gnu/nios2-elf/lib/mno-hw-mul/libc.a(lib_a-wsetup.o)
                              /home/perina/altera/14.1/nios2eds/bin/gnu/H-x86_64-pc-linux-gnu/bin/../lib/gcc/nios2-elf/4.8.3/../../../../../H-x86_64-pc-linux-gnu/nios2-elf/lib/mno-hw-mul/libc.a(lib_a-vfprintf.o) (__swsetup_r)
/home/perina/altera/14.1/nios2eds/bin/gnu/H-x86_64-pc-linux-gnu/bin/../lib/gcc/nios2-elf/4.8.3/../../../../../H-x86_64-pc-linux-gnu/nios2-elf/lib/mno-hw-mul/libc.a(lib_a-dtoa.o)
                              /home/perina/altera/14.1/nios2eds/bin/gnu/H-x86_64-pc-linux-gnu/bin/../lib/gcc/nios2-elf/4.8.3/../../../../../H-x86_64-pc-linux-gnu/nios2-elf/lib/mno-hw-mul/libc.a(lib_a-vfprintf.o) (_dtoa_r)
/home/perina/altera/14.1/nios2eds/bin/gnu/H-x86_64-pc-linux-gnu/bin/../lib/gcc/nios2-elf/4.8.3/../../../../../H-x86_64-pc-linux-gnu/nios2-elf/lib/mno-hw-mul/libc.a(lib_a-fflush.o)
                              /home/perina/altera/14.1/nios2eds/bin/gnu/H-x86_64-pc-linux-gnu/bin/../lib/gcc/nios2-elf/4.8.3/../../../../../H-x86_64-pc-linux-gnu/nios2-elf/lib/mno-hw-mul/libc.a(lib_a-vfprintf.o) (_fflush_r)
/home/perina/altera/14.1/nios2eds/bin/gnu/H-x86_64-pc-linux-gnu/bin/../lib/gcc/nios2-elf/4.8.3/../../../../../H-x86_64-pc-linux-gnu/nios2-elf/lib/mno-hw-mul/libc.a(lib_a-findfp.o)
                              /home/perina/altera/14.1/nios2eds/bin/gnu/H-x86_64-pc-linux-gnu/bin/../lib/gcc/nios2-elf/4.8.3/../../../../../H-x86_64-pc-linux-gnu/nios2-elf/lib/mno-hw-mul/libc.a(lib_a-getc.o) (__sinit)
/home/perina/altera/14.1/nios2eds/bin/gnu/H-x86_64-pc-linux-gnu/bin/../lib/gcc/nios2-elf/4.8.3/../../../../../H-x86_64-pc-linux-gnu/nios2-elf/lib/mno-hw-mul/libc.a(lib_a-freer.o)
                              /home/perina/altera/14.1/nios2eds/bin/gnu/H-x86_64-pc-linux-gnu/bin/../lib/gcc/nios2-elf/4.8.3/../../../../../H-x86_64-pc-linux-gnu/nios2-elf/lib/mno-hw-mul/libc.a(lib_a-wsetup.o) (_free_r)
/home/perina/altera/14.1/nios2eds/bin/gnu/H-x86_64-pc-linux-gnu/bin/../lib/gcc/nios2-elf/4.8.3/../../../../../H-x86_64-pc-linux-gnu/nios2-elf/lib/mno-hw-mul/libc.a(lib_a-fvwrite.o)
                              /home/perina/altera/14.1/nios2eds/bin/gnu/H-x86_64-pc-linux-gnu/bin/../lib/gcc/nios2-elf/4.8.3/../../../../../H-x86_64-pc-linux-gnu/nios2-elf/lib/mno-hw-mul/libc.a(lib_a-puts.o) (__sfvwrite_r)
/home/perina/altera/14.1/nios2eds/bin/gnu/H-x86_64-pc-linux-gnu/bin/../lib/gcc/nios2-elf/4.8.3/../../../../../H-x86_64-pc-linux-gnu/nios2-elf/lib/mno-hw-mul/libc.a(lib_a-fwalk.o)
[...]
Memory Configuration

Name             Origin             Length             Attributes
reset            0x0000000000080000 0x0000000000000020
onchip_memory2   0x0000000000080020 0x000000000003ffe0
bitstream_memory 0x0000000000100000 0x0000000000010000
*default*        0x0000000000000000 0xffffffffffffffff

Linker script and memory map

LOAD ../BitstreamLoader_bsp//obj/HAL/src/crt0.o
LOAD obj/default/main.o
LOAD /home/perina/altera/14.1/nios2eds/bin/gnu/H-x86_64-pc-linux-gnu/bin/../lib/gcc/nios2-elf/4.8.3/../../../../../H-x86_64-pc-linux-gnu/nios2-elf/lib/mno-hw-mul/libstdc++.a
LOAD /home/perina/altera/14.1/nios2eds/bin/gnu/H-x86_64-pc-linux-gnu/bin/../lib/gcc/nios2-elf/4.8.3/../../../../../H-x86_64-pc-linux-gnu/nios2-elf/lib/mno-hw-mul/libm.a
LOAD /home/perina/altera/14.1/nios2eds/bin/gnu/H-x86_64-pc-linux-gnu/bin/../lib/gcc/nios2-elf/4.8.3/mno-hw-mul/libgcc.a
START GROUP
LOAD /home/perina/altera/14.1/nios2eds/bin/gnu/H-x86_64-pc-linux-gnu/bin/../lib/gcc/nios2-elf/4.8.3/../../../../../H-x86_64-pc-linux-gnu/nios2-elf/lib/mno-hw-mul/libc.a
LOAD /home/perina/altera/14.1/nios2eds/bin/gnu/H-x86_64-pc-linux-gnu/bin/../lib/gcc/nios2-elf/4.8.3/mno-hw-mul/libgcc.a
LOAD ../BitstreamLoader_bsp//libhal_bsp.a
END GROUP
LOAD /home/perina/altera/14.1/nios2eds/bin/gnu/H-x86_64-pc-linux-gnu/bin/../lib/gcc/nios2-elf/4.8.3/mno-hw-mul/libgcc.a
                0x0000000000080000                __alt_mem_onchip_memory2 = 0x80000
                0x0000000000100000                __alt_mem_bitstream_memory = 0x100000

.entry          0x0000000000080000       0x20
 *(.entry)
 .entry         0x0000000000080000       0x20 ../BitstreamLoader_bsp//obj/HAL/src/crt0.o
                0x0000000000080000                __reset

.exceptions     0x0000000000080020      0x20c
                0x0000000000080020                PROVIDE (__ram_exceptions_start, ABSOLUTE (.))
                0x0000000000080020                . = ALIGN (0x20)
 *(.irq)
 *(.exceptions.entry.label)
 .exceptions.entry.label
                0x0000000000080020        0x0 ../BitstreamLoader_bsp//libhal_bsp.a(alt_irq_entry.o)
                0x0000000000080020                alt_irq_entry
 .exceptions.entry.label
                0x0000000000080020        0x0 ../BitstreamLoader_bsp//libhal_bsp.a(alt_exception_entry.o)
                0x0000000000080020                alt_exception
 *(.exceptions.entry.user)
 *(.exceptions.entry.ecc_fatal)
 *(.exceptions.entry)
 .exceptions.entry
                0x0000000000080020       0x54 ../BitstreamLoader_bsp//libhal_bsp.a(alt_exception_entry.o)
 *(.exceptions.irqtest.user)
 *(.exceptions.irqtest)
 .exceptions.irqtest
                0x0000000000080074       0x10 ../BitstreamLoader_bsp//libhal_bsp.a(alt_irq_entry.o)
 *(.exceptions.irqhandler.user)
 *(.exceptions.irqhandler)
 .exceptions.irqhandler
                0x0000000000080084        0x4 ../BitstreamLoader_bsp//libhal_bsp.a(alt_irq_entry.o)
 *(.exceptions.irqreturn.user)
 *(.exceptions.irqreturn)
 .exceptions.irqreturn
                0x0000000000080088        0x4 ../BitstreamLoader_bsp//libhal_bsp.a(alt_irq_entry.o)
 *(.exceptions.notirq.label)
 .exceptions.notirq.label
                0x000000000008008c        0x0 ../BitstreamLoader_bsp//libhal_bsp.a(alt_irq_entry.o)
 *(.exceptions.notirq.user)
 *(.exceptions.notirq)
 .exceptions.notirq
                0x000000000008008c        0x8 ../BitstreamLoader_bsp//libhal_bsp.a(alt_exception_entry.o)
 *(.exceptions.soft.user)
 *(.exceptions.soft)
 *(.exceptions.unknown.user)
 *(.exceptions.unknown)
 .exceptions.unknown
                0x0000000000080094       0x14 ../BitstreamLoader_bsp//libhal_bsp.a(alt_exception_entry.o)
 *(.exceptions.exit.label)
 .exceptions.exit.label
                0x00000000000800a8        0x0 ../BitstreamLoader_bsp//libhal_bsp.a(alt_irq_entry.o)
 .exceptions.exit.label
                0x00000000000800a8        0x0 ../BitstreamLoader_bsp//libhal_bsp.a(alt_exception_entry.o)
 *(.exceptions.exit.user)
 *(.exceptions.exit)
 .exceptions.exit
                0x00000000000800a8       0x54 ../BitstreamLoader_bsp//libhal_bsp.a(alt_exception_entry.o)
 *(.exceptions)
 .exceptions    0x00000000000800fc       0xd0 ../BitstreamLoader_bsp//libhal_bsp.a(alt_irq_handler.o)
                0x00000000000800fc                alt_irq_handler
 .exceptions    0x00000000000801cc       0x60 ../BitstreamLoader_bsp//libhal_bsp.a(alt_instruction_exception_entry.o)
                0x00000000000801cc                alt_instruction_exception_entry
                0x000000000008022c                PROVIDE (__ram_exceptions_end, ABSOLUTE (.))
                0x0000000000080020                PROVIDE (__flash_exceptions_start, LOADADDR (.exceptions))

.text           0x000000000008022c     0xf82c
                0x000000000008022c                PROVIDE (stext, ABSOLUTE (.))
 *(.interp)
 *(.hash)
 *(.dynsym)
 *(.dynstr)
 *(.gnu.version)
 *(.gnu.version_d)
 *(.gnu.version_r)
 *(.rel.init)
 *(.rela.init)
 *(.rel.text .rel.text.* .rel.gnu.linkonce.t.*)
 *(.rela.text .rela.text.* .rela.gnu.linkonce.t.*)
 *(.rel.fini)
 *(.rela.fini)
 *(.rel.rodata .rel.rodata.* .rel.gnu.linkonce.r.*)
 *(.rela.rodata .rela.rodata.* .rela.gnu.linkonce.r.*)
 *(.rel.data .rel.data.* .rel.gnu.linkonce.d.*)
 *(.rela.data .rela.data.* .rela.gnu.linkonce.d.*)
 *(.rel.tdata .rel.tdata.* .rel.gnu.linkonce.td.*)
 *(.rela.tdata .rela.tdata.* .rela.gnu.linkonce.td.*)
 *(.rel.tbss .rel.tbss.* .rel.gnu.linkonce.tb.*)
 *(.rela.tbss .rela.tbss.* .rela.gnu.linkonce.tb.*)
 *(.rel.ctors)
 *(.rela.ctors)
 *(.rel.dtors)
 *(.rela.dtors)
 *(.rel.got)
 *(.rela.got)
 *(.rel.sdata .rel.sdata.* .rel.gnu.linkonce.s.*)
 *(.rela.sdata .rela.sdata.* .rela.gnu.linkonce.s.*)
 *(.rel.sbss .rel.sbss.* .rel.gnu.linkonce.sb.*)
 *(.rela.sbss .rela.sbss.* .rela.gnu.linkonce.sb.*)
 *(.rel.sdata2 .rel.sdata2.* .rel.gnu.linkonce.s2.*)
 *(.rela.sdata2 .rela.sdata2.* .rela.gnu.linkonce.s2.*)
 *(.rel.sbss2 .rel.sbss2.* .rel.gnu.linkonce.sb2.*)
 *(.rela.sbss2 .rela.sbss2.* .rela.gnu.linkonce.sb2.*)
 *(.rel.bss .rel.bss.* .rel.gnu.linkonce.b.*)
 *(.rela.bss .rela.bss.* .rela.gnu.linkonce.b.*)
 *(.rel.plt)
 *(.rela.plt)
 *(.rel.dyn)
 *(.init)
 *(.plt)
 *(.text .stub .text.* .gnu.linkonce.t.*)
 .text          0x000000000008022c       0x3c ../BitstreamLoader_bsp//obj/HAL/src/crt0.o
                0x000000000008022c                _start
 .text          0x0000000000080268      0x380 obj/default/main.o
                0x0000000000080268                main
 .text          0x00000000000805e8      0x10c /home/perina/altera/14.1/nios2eds/bin/gnu/H-x86_64-pc-linux-gnu/bin/../lib/gcc/nios2-elf/4.8.3/../../../../../H-x86_64-pc-linux-gnu/nios2-elf/lib/mno-hw-mul/libc.a(lib_a-getc.o)
                0x00000000000805e8                _getc_r
                0x0000000000080668                getc
 .text          0x00000000000806f4        0x0 /home/perina/altera/14.1/nios2eds/bin/gnu/H-x86_64-pc-linux-gnu/bin/../lib/gcc/nios2-elf/4.8.3/../../../../../H-x86_64-pc-linux-gnu/nios2-elf/lib/mno-hw-mul/libc.a(lib_a-impure.o)
 .text          0x00000000000806f4       0x68 /home/perina/altera/14.1/nios2eds/bin/gnu/H-x86_64-pc-linux-gnu/bin/../lib/gcc/nios2-elf/4.8.3/../../../../../H-x86_64-pc-linux-gnu/nios2-elf/lib/mno-hw-mul/libc.a(lib_a-printf.o)
                0x00000000000806f4                _printf_r
                0x0000000000080720                printf
 .text          0x000000000008075c       0xcc /home/perina/altera/14.1/nios2eds/bin/gnu/H-x86_64-pc-linux-gnu/bin/../lib/gcc/nios2-elf/4.8.3/../../../../../H-x86_64-pc-linux-gnu/nios2-elf/lib/mno-hw-mul/libc.a(lib_a-puts.o)
                0x000000000008075c                _puts_r
                0x0000000000080814                puts
 .text          0x0000000000080828       0x88 /home/perina/altera/14.1/nios2eds/bin/gnu/H-x86_64-pc-linux-gnu/bin/../lib/gcc/nios2-elf/4.8.3/../../../../../H-x86_64-pc-linux-gnu/nios2-elf/lib/mno-hw-mul/libc.a(lib_a-rget.o)
                0x0000000000080828                __srget_r
                0x000000000008089c                __srget
 .text          0x00000000000808b0       0x8c /home/perina/altera/14.1/nios2eds/bin/gnu/H-x86_64-pc-linux-gnu/bin/../lib/gcc/nios2-elf/4.8.3/../../../../../H-x86_64-pc-linux-gnu/nios2-elf/lib/mno-hw-mul/libc.a(lib_a-strlen.o)
                0x00000000000808b0                strlen
 .text          0x000000000008093c     0x2178 /home/perina/altera/14.1/nios2eds/bin/gnu/H-x86_64-pc-linux-gnu/bin/../lib/gcc/nios2-elf/4.8.3/../../../../../H-x86_64-pc-linux-gnu/nios2-elf/lib/mno-hw-mul/libc.a(lib_a-vfprintf.o)
                0x000000000008093c                ___vfprintf_internal_r
                0x0000000000082a90                __vfprintf_internal
 .text          0x0000000000082ab4      0x138 /home/perina/altera/14.1/nios2eds/bin/gnu/H-x86_64-pc-linux-gnu/bin/../lib/gcc/nios2-elf/4.8.3/../../../../../H-x86_64-pc-linux-gnu/nios2-elf/lib/mno-hw-mul/libc.a(lib_a-wsetup.o)
                0x0000000000082ab4                __swsetup_r
 .text          0x0000000000082bec     0x1864 /home/perina/altera/14.1/nios2eds/bin/gnu/H-x86_64-pc-linux-gnu/bin/../lib/gcc/nios2-elf/4.8.3/../../../../../H-x86_64-pc-linux-gnu/nios2-elf/lib/mno-hw-mul/libc.a(lib_a-dtoa.o)
                0x0000000000082e14                _dtoa_r
 .text          0x0000000000084450      0x274 /home/perina/altera/14.1/nios2eds/bin/gnu/H-x86_64-pc-linux-gnu/bin/../lib/gcc/nios2-elf/4.8.3/../../../../../H-x86_64-pc-linux-gnu/nios2-elf/lib/mno-hw-mul/libc.a(lib_a-fflush.o)
                0x0000000000084450                _fflush_r
                0x0000000000084694                fflush
 .text          0x00000000000846c4      0x3a4 /home/perina/altera/14.1/nios2eds/bin/gnu/H-x86_64-pc-linux-gnu/bin/../lib/gcc/nios2-elf/4.8.3/../../../../../H-x86_64-pc-linux-gnu/nios2-elf/lib/mno-hw-mul/libc.a(lib_a-findfp.o)
                0x00000000000846d4                _cleanup_r
                0x00000000000846e0                __sfmoreglue
                0x0000000000084758                _cleanup
                0x0000000000084770                __sinit
                0x000000000008490c                __sfp
                0x0000000000084a28                __sfp_lock_acquire
                0x0000000000084a2c                __sfp_lock_release
                0x0000000000084a30                __sinit_lock_acquire
                0x0000000000084a34                __sinit_lock_release
                0x0000000000084a38                __fp_lock_all
                0x0000000000084a50                __fp_unlock_all
 .text          0x0000000000084a68      0x40c /home/perina/altera/14.1/nios2eds/bin/gnu/H-x86_64-pc-linux-gnu/bin/../lib/gcc/nios2-elf/4.8.3/../../../../../H-x86_64-pc-linux-gnu/nios2-elf/lib/mno-hw-mul/libc.a(lib_a-freer.o)
                0x0000000000084a68                _malloc_trim_r
                0x0000000000084ba4                _free_r
 .text          0x0000000000084e74      0x4ac /home/perina/altera/14.1/nios2eds/bin/gnu/H-x86_64-pc-linux-gnu/bin/../lib/gcc/nios2-elf/4.8.3/../../../../../H-x86_64-pc-linux-gnu/nios2-elf/lib/mno-hw-mul/libc.a(lib_a-fvwrite.o)
                0x0000000000084e74                __sfvwrite_r
 .text          0x0000000000085320      0x160 /home/perina/altera/14.1/nios2eds/bin/gnu/H-x86_64-pc-linux-gnu/bin/../lib/gcc/nios2-elf/4.8.3/../../../../../H-x86_64-pc-linux-gnu/nios2-elf/lib/mno-hw-mul/libc.a(lib_a-fwalk.o)
                0x0000000000085320                _fwalk
                0x00000000000853c8                _fwalk_reent
 .text          0x0000000000085480       0xd4 /home/perina/altera/14.1/nios2eds/bin/gnu/H-x86_64-pc-linux-gnu/bin/../lib/gcc/nios2-elf/4.8.3/../../../../../H-x86_64-pc-linux-gnu/nios2-elf/lib/mno-hw-mul/libc.a(lib_a-locale.o)
                0x0000000000085480                _setlocale_r
                0x00000000000854f0                __locale_charset
                0x00000000000854fc                __locale_mb_cur_max
                0x000000000008550c                __locale_msgcharset
                0x0000000000085518                __locale_cjk_lang
                0x0000000000085520                _localeconv_r
                0x000000000008552c                setlocale
                0x0000000000085548                localeconv
 .text          0x0000000000085554      0x1b4 /home/perina/altera/14.1/nios2eds/bin/gnu/H-x86_64-pc-linux-gnu/bin/../lib/gcc/nios2-elf/4.8.3/../../../../../H-x86_64-pc-linux-gnu/nios2-elf/lib/mno-hw-mul/libc.a(lib_a-makebuf.o)
                0x0000000000085554                __smakebuf_r
 .text          0x0000000000085708      0x7c4 /home/perina/altera/14.1/nios2eds/bin/gnu/H-x86_64-pc-linux-gnu/bin/../lib/gcc/nios2-elf/4.8.3/../../../../../H-x86_64-pc-linux-gnu/nios2-elf/lib/mno-hw-mul/libc.a(lib_a-mallocr.o)
                0x0000000000085708                _malloc_r
 .text          0x0000000000085ecc       0xe8 /home/perina/altera/14.1/nios2eds/bin/gnu/H-x86_64-pc-linux-gnu/bin/../lib/gcc/nios2-elf/4.8.3/../../../../../H-x86_64-pc-linux-gnu/nios2-elf/lib/mno-hw-mul/libc.a(lib_a-memchr.o)
                0x0000000000085ecc                memchr
 .text          0x0000000000085fb4      0x10c /home/perina/altera/14.1/nios2eds/bin/gnu/H-x86_64-pc-linux-gnu/bin/../lib/gcc/nios2-elf/4.8.3/../../../../../H-x86_64-pc-linux-gnu/nios2-elf/lib/mno-hw-mul/libc.a(lib_a-memcpy.o)
                0x0000000000085fb4                memcpy
 .text          0x00000000000860c0      0x13c /home/perina/altera/14.1/nios2eds/bin/gnu/H-x86_64-pc-linux-gnu/bin/../lib/gcc/nios2-elf/4.8.3/../../../../../H-x86_64-pc-linux-gnu/nios2-elf/lib/mno-hw-mul/libc.a(lib_a-memmove.o)
                0x00000000000860c0                memmove
 .text          0x00000000000861fc      0x114 /home/perina/altera/14.1/nios2eds/bin/gnu/H-x86_64-pc-linux-gnu/bin/../lib/gcc/nios2-elf/4.8.3/../../../../../H-x86_64-pc-linux-gnu/nios2-elf/lib/mno-hw-mul/libc.a(lib_a-memset.o)
                0x00000000000861fc                memset
 .text          0x0000000000086310     0x1028 /home/perina/altera/14.1/nios2eds/bin/gnu/H-x86_64-pc-linux-gnu/bin/../lib/gcc/nios2-elf/4.8.3/../../../../../H-x86_64-pc-linux-gnu/nios2-elf/lib/mno-hw-mul/libc.a(lib_a-mprec.o)
                0x0000000000086310                _Balloc
                0x00000000000863b8                _Bfree
                0x00000000000863e0                __multadd
                0x0000000000086524                __s2b
                0x0000000000086628                __hi0bits
                0x0000000000086690                __lo0bits
                0x0000000000086740                __i2b
                0x000000000008677c                __multiply
                0x00000000000869e8                __pow5mult
                0x0000000000086b30                __lshift
                0x0000000000086c80                __mcmp
                0x0000000000086ce0                __mdiff
                0x0000000000086e90                __ulp
                0x0000000000086ef0                __b2d
                0x0000000000086fe0                __d2b
                0x0000000000087124                __ratio
                0x00000000000871c4                _mprec_log10
                0x0000000000087238                __copybits
                0x00000000000872b0                __any_on
 .text          0x0000000000087338      0x564 /home/perina/altera/14.1/nios2eds/bin/gnu/H-x86_64-pc-linux-gnu/bin/../lib/gcc/nios2-elf/4.8.3/../../../../../H-x86_64-pc-linux-gnu/nios2-elf/lib/mno-hw-mul/libc.a(lib_a-reallocr.o)
                0x0000000000087338                _realloc_r
 .text          0x000000000008789c      0x1f4 /home/perina/altera/14.1/nios2eds/bin/gnu/H-x86_64-pc-linux-gnu/bin/../lib/gcc/nios2-elf/4.8.3/../../../../../H-x86_64-pc-linux-gnu/nios2-elf/lib/mno-hw-mul/libc.a(lib_a-refill.o)
                0x00000000000878b8                __srefill_r
 .text          0x0000000000087a90       0x68 /home/perina/altera/14.1/nios2eds/bin/gnu/H-x86_64-pc-linux-gnu/bin/../lib/gcc/nios2-elf/4.8.3/../../../../../H-x86_64-pc-linux-gnu/nios2-elf/lib/mno-hw-mul/libc.a(lib_a-s_fpclassify.o)
                0x0000000000087a90                __fpclassifyd
 .text          0x0000000000087af8       0x64 /home/perina/altera/14.1/nios2eds/bin/gnu/H-x86_64-pc-linux-gnu/bin/../lib/gcc/nios2-elf/4.8.3/../../../../../H-x86_64-pc-linux-gnu/nios2-elf/lib/mno-hw-mul/libc.a(lib_a-sbrkr.o)
                0x0000000000087af8                _sbrk_r
 .text          0x0000000000087b5c      0x13c /home/perina/altera/14.1/nios2eds/bin/gnu/H-x86_64-pc-linux-gnu/bin/../lib/gcc/nios2-elf/4.8.3/../../../../../H-x86_64-pc-linux-gnu/nios2-elf/lib/mno-hw-mul/libc.a(lib_a-stdio.o)
                0x0000000000087b5c                __sread
                0x0000000000087bb0                __seofread
                0x0000000000087bb8                __swrite
                0x0000000000087c34                __sseek
                0x0000000000087c90                __sclose
 .text          0x0000000000087c98       0xa4 /home/perina/altera/14.1/nios2eds/bin/gnu/H-x86_64-pc-linux-gnu/bin/../lib/gcc/nios2-elf/4.8.3/../../../../../H-x86_64-pc-linux-gnu/nios2-elf/lib/mno-hw-mul/libc.a(lib_a-strcmp.o)
                0x0000000000087c98                strcmp
 .text          0x0000000000087d3c     0x1580 /home/perina/altera/14.1/nios2eds/bin/gnu/H-x86_64-pc-linux-gnu/bin/../lib/gcc/nios2-elf/4.8.3/../../../../../H-x86_64-pc-linux-gnu/nios2-elf/lib/mno-hw-mul/libc.a(lib_a-vfiprintf.o)
                0x0000000000087e38                __sprint_r
                0x0000000000087e50                ___vfiprintf_internal_r
                0x0000000000089298                __vfiprintf_internal
 .text          0x00000000000892bc       0x6c /home/perina/altera/14.1/nios2eds/bin/gnu/H-x86_64-pc-linux-gnu/bin/../lib/gcc/nios2-elf/4.8.3/../../../../../H-x86_64-pc-linux-gnu/nios2-elf/lib/mno-hw-mul/libc.a(lib_a-writer.o)
                0x00000000000892bc                _write_r
 .text          0x0000000000089328       0x64 /home/perina/altera/14.1/nios2eds/bin/gnu/H-x86_64-pc-linux-gnu/bin/../lib/gcc/nios2-elf/4.8.3/../../../../../H-x86_64-pc-linux-gnu/nios2-elf/lib/mno-hw-mul/libc.a(closer.o)
                0x0000000000089328                _close_r
 .text          0x000000000008938c       0xd8 /home/perina/altera/14.1/nios2eds/bin/gnu/H-x86_64-pc-linux-gnu/bin/../lib/gcc/nios2-elf/4.8.3/../../../../../H-x86_64-pc-linux-gnu/nios2-elf/lib/mno-hw-mul/libc.a(lib_a-callocr.o)
                0x000000000008938c                _calloc_r
 .text          0x0000000000089464      0x13c /home/perina/altera/14.1/nios2eds/bin/gnu/H-x86_64-pc-linux-gnu/bin/../lib/gcc/nios2-elf/4.8.3/../../../../../H-x86_64-pc-linux-gnu/nios2-elf/lib/mno-hw-mul/libc.a(lib_a-fclose.o)
                0x0000000000089464                _fclose_r
                0x000000000008958c                fclose
 .text          0x00000000000895a0      0x1fc /home/perina/altera/14.1/nios2eds/bin/gnu/H-x86_64-pc-linux-gnu/bin/../lib/gcc/nios2-elf/4.8.3/../../../../../H-x86_64-pc-linux-gnu/nios2-elf/lib/mno-hw-mul/libc.a(lib_a-fputwc.o)
                0x00000000000895a0                _fputwc_r
                0x0000000000089724                fputwc
 .text          0x000000000008979c       0x68 /home/perina/altera/14.1/nios2eds/bin/gnu/H-x86_64-pc-linux-gnu/bin/../lib/gcc/nios2-elf/4.8.3/../../../../../H-x86_64-pc-linux-gnu/nios2-elf/lib/mno-hw-mul/libc.a(lib_a-fstatr.o)
                0x000000000008979c                _fstat_r
 .text          0x0000000000089804        0x0 /home/perina/altera/14.1/nios2eds/bin/gnu/H-x86_64-pc-linux-gnu/bin/../lib/gcc/nios2-elf/4.8.3/../../../../../H-x86_64-pc-linux-gnu/nios2-elf/lib/mno-hw-mul/libc.a(lib_a-int_errno.o)
 .text          0x0000000000089804       0x64 /home/perina/altera/14.1/nios2eds/bin/gnu/H-x86_64-pc-linux-gnu/bin/../lib/gcc/nios2-elf/4.8.3/../../../../../H-x86_64-pc-linux-gnu/nios2-elf/lib/mno-hw-mul/libc.a(lib_a-isattyr.o)
                0x0000000000089804                _isatty_r
 .text          0x0000000000089868       0x6c /home/perina/altera/14.1/nios2eds/bin/gnu/H-x86_64-pc-linux-gnu/bin/../lib/gcc/nios2-elf/4.8.3/../../../../../H-x86_64-pc-linux-gnu/nios2-elf/lib/mno-hw-mul/libc.a(lib_a-lseekr.o)
                0x0000000000089868                _lseek_r
 .text          0x00000000000898d4       0x6c /home/perina/altera/14.1/nios2eds/bin/gnu/H-x86_64-pc-linux-gnu/bin/../lib/gcc/nios2-elf/4.8.3/../../../../../H-x86_64-pc-linux-gnu/nios2-elf/lib/mno-hw-mul/libc.a(lib_a-readr.o)
                0x00000000000898d4                _read_r
 .text          0x0000000000089940      0x19c /home/perina/altera/14.1/nios2eds/bin/gnu/H-x86_64-pc-linux-gnu/bin/../lib/gcc/nios2-elf/4.8.3/../../../../../H-x86_64-pc-linux-gnu/nios2-elf/lib/mno-hw-mul/libc.a(lib_a-wbuf.o)
                0x0000000000089940                __swbuf_r
                0x0000000000089ac0                __swbuf
 .text          0x0000000000089adc      0x174 /home/perina/altera/14.1/nios2eds/bin/gnu/H-x86_64-pc-linux-gnu/bin/../lib/gcc/nios2-elf/4.8.3/../../../../../H-x86_64-pc-linux-gnu/nios2-elf/lib/mno-hw-mul/libc.a(lib_a-wcrtomb.o)
                0x0000000000089adc                _wcrtomb_r
                0x0000000000089b78                wcrtomb
 .text          0x0000000000089c50       0x8c /home/perina/altera/14.1/nios2eds/bin/gnu/H-x86_64-pc-linux-gnu/bin/../lib/gcc/nios2-elf/4.8.3/../../../../../H-x86_64-pc-linux-gnu/nios2-elf/lib/mno-hw-mul/libc.a(lib_a-wctomb_r.o)
                0x0000000000089c50                __ascii_wctomb
                0x0000000000089c80                _wctomb_r
 .text          0x0000000000089cdc      0x654 /home/perina/altera/14.1/nios2eds/bin/gnu/H-x86_64-pc-linux-gnu/bin/../lib/gcc/nios2-elf/4.8.3/mno-hw-mul/libgcc.a(_udivdi3.o)
                0x0000000000089cdc                __udivdi3
 .text          0x000000000008a330      0x634 /home/perina/altera/14.1/nios2eds/bin/gnu/H-x86_64-pc-linux-gnu/bin/../lib/gcc/nios2-elf/4.8.3/mno-hw-mul/libgcc.a(_umoddi3.o)
                0x000000000008a330                __umoddi3
 .text          0x000000000008a964      0x114 /home/perina/altera/14.1/nios2eds/bin/gnu/H-x86_64-pc-linux-gnu/bin/../lib/gcc/nios2-elf/4.8.3/mno-hw-mul/libgcc.a(lib2-divmod.o)
                0x000000000008a9d4                __divsi3
                0x000000000008aa1c                __modsi3
                0x000000000008aa68                __udivsi3
                0x000000000008aa70                __umodsi3
 .text          0x000000000008aa78       0x28 /home/perina/altera/14.1/nios2eds/bin/gnu/H-x86_64-pc-linux-gnu/bin/../lib/gcc/nios2-elf/4.8.3/mno-hw-mul/libgcc.a(lib2-mul.o)
                0x000000000008aa78                __mulsi3
 .text          0x000000000008aaa0      0x87c /home/perina/altera/14.1/nios2eds/bin/gnu/H-x86_64-pc-linux-gnu/bin/../lib/gcc/nios2-elf/4.8.3/mno-hw-mul/libgcc.a(adddf3.o)
                0x000000000008aaa0                __adddf3
 .text          0x000000000008b31c      0x99c /home/perina/altera/14.1/nios2eds/bin/gnu/H-x86_64-pc-linux-gnu/bin/../lib/gcc/nios2-elf/4.8.3/mno-hw-mul/libgcc.a(divdf3.o)
                0x000000000008b31c                __divdf3
 .text          0x000000000008bcb8       0x84 /home/perina/altera/14.1/nios2eds/bin/gnu/H-x86_64-pc-linux-gnu/bin/../lib/gcc/nios2-elf/4.8.3/mno-hw-mul/libgcc.a(eqdf2.o)
                0x000000000008bcb8                __eqdf2
                0x000000000008bcb8                __nedf2
 .text          0x000000000008bd3c       0xd8 /home/perina/altera/14.1/nios2eds/bin/gnu/H-x86_64-pc-linux-gnu/bin/../lib/gcc/nios2-elf/4.8.3/mno-hw-mul/libgcc.a(gedf2.o)
                0x000000000008bd3c                __gtdf2
                0x000000000008bd3c                __gedf2
 .text          0x000000000008be14       0xec /home/perina/altera/14.1/nios2eds/bin/gnu/H-x86_64-pc-linux-gnu/bin/../lib/gcc/nios2-elf/4.8.3/mno-hw-mul/libgcc.a(ledf2.o)
                0x000000000008be14                __ltdf2
                0x000000000008be14                __ledf2
 .text          0x000000000008bf00      0x800 /home/perina/altera/14.1/nios2eds/bin/gnu/H-x86_64-pc-linux-gnu/bin/../lib/gcc/nios2-elf/4.8.3/mno-hw-mul/libgcc.a(muldf3.o)
                0x000000000008bf00                __muldf3
 .text          0x000000000008c700      0x888 /home/perina/altera/14.1/nios2eds/bin/gnu/H-x86_64-pc-linux-gnu/bin/../lib/gcc/nios2-elf/4.8.3/mno-hw-mul/libgcc.a(subdf3.o)
                0x000000000008c700                __subdf3
 .text          0x000000000008cf88       0x80 /home/perina/altera/14.1/nios2eds/bin/gnu/H-x86_64-pc-linux-gnu/bin/../lib/gcc/nios2-elf/4.8.3/mno-hw-mul/libgcc.a(fixdfsi.o)
                0x000000000008cf88                __fixdfsi
 .text          0x000000000008d008       0xd0 /home/perina/altera/14.1/nios2eds/bin/gnu/H-x86_64-pc-linux-gnu/bin/../lib/gcc/nios2-elf/4.8.3/mno-hw-mul/libgcc.a(floatsidf.o)
                0x000000000008d008                __floatsidf
 .text          0x000000000008d0d8       0xa0 /home/perina/altera/14.1/nios2eds/bin/gnu/H-x86_64-pc-linux-gnu/bin/../lib/gcc/nios2-elf/4.8.3/mno-hw-mul/libgcc.a(floatunsidf.o)
                0x000000000008d0d8                __floatunsidf
 .text          0x000000000008d178        0x0 /home/perina/altera/14.1/nios2eds/bin/gnu/H-x86_64-pc-linux-gnu/bin/../lib/gcc/nios2-elf/4.8.3/mno-hw-mul/libgcc.a(_clz.o)
 .text          0x000000000008d178       0xac /home/perina/altera/14.1/nios2eds/bin/gnu/H-x86_64-pc-linux-gnu/bin/../lib/gcc/nios2-elf/4.8.3/mno-hw-mul/libgcc.a(_clzsi2.o)
                0x000000000008d178                __clzsi2
 .text          0x000000000008d224      0x120 ../BitstreamLoader_bsp//libhal_bsp.a(alt_close.o)
                0x000000000008d274                close
 .text          0x000000000008d344       0x2c ../BitstreamLoader_bsp//libhal_bsp.a(alt_dev.o)
 .text          0x000000000008d370        0x0 ../BitstreamLoader_bsp//libhal_bsp.a(alt_errno.o)
 .text          0x000000000008d370      0x104 ../BitstreamLoader_bsp//libhal_bsp.a(alt_fstat.o)
                0x000000000008d3c0                fstat
 .text          0x000000000008d474       0xf8 ../BitstreamLoader_bsp//libhal_bsp.a(alt_isatty.o)
                0x000000000008d4c4                isatty
 .text          0x000000000008d56c       0xe4 ../BitstreamLoader_bsp//libhal_bsp.a(alt_load.o)
                0x000000000008d5d0                alt_load
 .text          0x000000000008d650      0x128 ../BitstreamLoader_bsp//libhal_bsp.a(alt_lseek.o)
                0x000000000008d6a0                lseek
 .text          0x000000000008d778       0x78 ../BitstreamLoader_bsp//libhal_bsp.a(alt_main.o)
                0x000000000008d778                alt_main
 .text          0x000000000008d7f0       0x40 ../BitstreamLoader_bsp//libhal_bsp.a(alt_malloc_lock.o)
                0x000000000008d7f0                __malloc_lock
                0x000000000008d810                __malloc_unlock
 .text          0x000000000008d830      0x148 ../BitstreamLoader_bsp//libhal_bsp.a(alt_read.o)
                0x000000000008d880                read
 .text          0x000000000008d978       0x80 ../BitstreamLoader_bsp//libhal_bsp.a(alt_release_fd.o)
                0x000000000008d978                alt_release_fd
 .text          0x000000000008d9f8       0xb0 ../BitstreamLoader_bsp//libhal_bsp.a(alt_sbrk.o)
                0x000000000008d9f8                sbrk
 .text          0x000000000008daa8      0x144 ../BitstreamLoader_bsp//libhal_bsp.a(alt_write.o)
                0x000000000008daf8                write
 .text          0x000000000008dbec       0xc8 ../BitstreamLoader_bsp//libhal_bsp.a(alt_sys_init.o)
                0x000000000008dc24                alt_irq_init
                0x000000000008dc58                alt_sys_init
 .text          0x000000000008dcb4      0x164 ../BitstreamLoader_bsp//libhal_bsp.a(altera_avalon_jtag_uart_fd.o)
                0x000000000008dcb4                altera_avalon_jtag_uart_read_fd
                0x000000000008dd14                altera_avalon_jtag_uart_write_fd
                0x000000000008dd74                altera_avalon_jtag_uart_close_fd
                0x000000000008ddc4                altera_avalon_jtag_uart_ioctl_fd
 .text          0x000000000008de18      0x3c8 ../BitstreamLoader_bsp//libhal_bsp.a(altera_avalon_jtag_uart_init.o)
                0x000000000008de18                altera_avalon_jtag_uart_init
                0x000000000008e178                altera_avalon_jtag_uart_close
 .text          0x000000000008e1e0       0xec ../BitstreamLoader_bsp//libhal_bsp.a(altera_avalon_jtag_uart_ioctl.o)
                0x000000000008e1e0                altera_avalon_jtag_uart_ioctl
 .text          0x000000000008e2cc      0x208 ../BitstreamLoader_bsp//libhal_bsp.a(altera_avalon_jtag_uart_read.o)
                0x000000000008e2cc                altera_avalon_jtag_uart_read
 .text          0x000000000008e4d4      0x218 ../BitstreamLoader_bsp//libhal_bsp.a(altera_avalon_jtag_uart_write.o)
                0x000000000008e4d4                altera_avalon_jtag_uart_write
 .text          0x000000000008e6ec       0xfc ../BitstreamLoader_bsp//libhal_bsp.a(altera_avalon_timer_sc.o)
                0x000000000008e760                alt_avalon_timer_sc_init
 .text          0x000000000008e7e8      0x140 ../BitstreamLoader_bsp//libhal_bsp.a(alt_alarm_start.o)
                0x000000000008e7e8                alt_alarm_start
 .text          0x000000000008e928       0x1c ../BitstreamLoader_bsp//libhal_bsp.a(alt_dcache_flush_all.o)
                0x000000000008e928                alt_dcache_flush_all
 .text          0x000000000008e944       0xf0 ../BitstreamLoader_bsp//libhal_bsp.a(alt_dev_llist_insert.o)
                0x000000000008e994                alt_dev_llist_insert
 .text          0x000000000008ea34       0x5c ../BitstreamLoader_bsp//libhal_bsp.a(alt_do_ctors.o)
                0x000000000008ea34                _do_ctors
 .text          0x000000000008ea90       0x5c ../BitstreamLoader_bsp//libhal_bsp.a(alt_do_dtors.o)
                0x000000000008ea90                _do_dtors
 .text          0x000000000008eaec       0x1c ../BitstreamLoader_bsp//libhal_bsp.a(alt_icache_flush_all.o)
                0x000000000008eaec                alt_icache_flush_all
 .text          0x000000000008eb08      0x1d8 ../BitstreamLoader_bsp//libhal_bsp.a(alt_iic.o)
                0x000000000008eb08                alt_ic_isr_register
                0x000000000008eb58                alt_ic_irq_enable
                0x000000000008ebf4                alt_ic_irq_disable
                0x000000000008ec94                alt_ic_irq_enabled
 .text          0x000000000008ece0       0xf0 ../BitstreamLoader_bsp//libhal_bsp.a(alt_iic_isr_register.o)
                0x000000000008ece0                alt_iic_isr_register
 .text          0x000000000008edd0      0x158 ../BitstreamLoader_bsp//libhal_bsp.a(alt_io_redirect.o)
                0x000000000008eeb0                alt_io_redirect
 .text          0x000000000008ef28        0x0 ../BitstreamLoader_bsp//libhal_bsp.a(alt_irq_entry.o)
 .text          0x000000000008ef28        0x0 ../BitstreamLoader_bsp//libhal_bsp.a(alt_irq_handler.o)
 .text          0x000000000008ef28        0x0 ../BitstreamLoader_bsp//libhal_bsp.a(alt_irq_vars.o)
 .text          0x000000000008ef28      0x2a0 ../BitstreamLoader_bsp//libhal_bsp.a(alt_open.o)
                0x000000000008f06c                open
 .text          0x000000000008f1c8      0x19c ../BitstreamLoader_bsp//libhal_bsp.a(alt_tick.o)
                0x000000000008f1c8                alt_alarm_stop
                0x000000000008f260                alt_tick
 .text          0x000000000008f364       0x20 ../BitstreamLoader_bsp//libhal_bsp.a(altera_nios2_gen2_irq.o)
                0x000000000008f364                altera_nios2_gen2_irq_init
 .text          0x000000000008f384        0x0 ../BitstreamLoader_bsp//libhal_bsp.a(alt_exception_entry.o)
 .text          0x000000000008f384       0x90 ../BitstreamLoader_bsp//libhal_bsp.a(alt_find_dev.o)
                0x000000000008f384                alt_find_dev
 .text          0x000000000008f414      0x114 ../BitstreamLoader_bsp//libhal_bsp.a(alt_find_file.o)
                0x000000000008f414                alt_find_file
 .text          0x000000000008f528       0xd4 ../BitstreamLoader_bsp//libhal_bsp.a(alt_get_fd.o)
                0x000000000008f528                alt_get_fd
 .text          0x000000000008f5fc       0xa0 ../BitstreamLoader_bsp//libhal_bsp.a(alt_instruction_exception_entry.o)
                0x000000000008f5fc                alt_exception_cause_generated_bad_addr
 .text          0x000000000008f69c       0x14 /home/perina/altera/14.1/nios2eds/bin/gnu/H-x86_64-pc-linux-gnu/bin/../lib/gcc/nios2-elf/4.8.3/../../../../../H-x86_64-pc-linux-gnu/nios2-elf/lib/mno-hw-mul/libc.a(lib_a-atexit.o)
                0x000000000008f69c                atexit
 .text          0x000000000008f6b0       0x38 /home/perina/altera/14.1/nios2eds/bin/gnu/H-x86_64-pc-linux-gnu/bin/../lib/gcc/nios2-elf/4.8.3/../../../../../H-x86_64-pc-linux-gnu/nios2-elf/lib/mno-hw-mul/libc.a(lib_a-exit.o)
                0x000000000008f6b0                exit
 .text          0x000000000008f6e8       0x7c /home/perina/altera/14.1/nios2eds/bin/gnu/H-x86_64-pc-linux-gnu/bin/../lib/gcc/nios2-elf/4.8.3/../../../../../H-x86_64-pc-linux-gnu/nios2-elf/lib/mno-hw-mul/libc.a(lib_a-memcmp.o)
                0x000000000008f6e8                memcmp
 .text          0x000000000008f764      0x11c /home/perina/altera/14.1/nios2eds/bin/gnu/H-x86_64-pc-linux-gnu/bin/../lib/gcc/nios2-elf/4.8.3/../../../../../H-x86_64-pc-linux-gnu/nios2-elf/lib/mno-hw-mul/libc.a(lib_a-__atexit.o)
                0x000000000008f764                __register_exitproc
 .text          0x000000000008f880      0x1a4 /home/perina/altera/14.1/nios2eds/bin/gnu/H-x86_64-pc-linux-gnu/bin/../lib/gcc/nios2-elf/4.8.3/../../../../../H-x86_64-pc-linux-gnu/nios2-elf/lib/mno-hw-mul/libc.a(lib_a-__call_atexit.o)
                0x000000000008f880                __call_exitprocs
 .text          0x000000000008fa24       0x34 ../BitstreamLoader_bsp//libhal_bsp.a(alt_exit.o)
                0x000000000008fa24                _exit
 *(.gnu.warning.*)
 *(.fini)
                0x000000000008fa58                PROVIDE (__etext, ABSOLUTE (.))
                0x000000000008fa58                PROVIDE (_etext, ABSOLUTE (.))
                0x000000000008fa58                PROVIDE (etext, ABSOLUTE (.))
 *(.eh_frame_hdr)
                0x000000000008fa58                . = ALIGN (0x4)
                0x000000000008fa58                PROVIDE (__preinit_array_start, ABSOLUTE (.))
 *(.preinit_array)
                0x000000000008fa58                PROVIDE (__preinit_array_end, ABSOLUTE (.))
                0x000000000008fa58                PROVIDE (__init_array_start, ABSOLUTE (.))
 *(.init_array)
                0x000000000008fa58                PROVIDE (__init_array_end, ABSOLUTE (.))
                0x000000000008fa58                PROVIDE (__fini_array_start, ABSOLUTE (.))
 *(.fini_array)
                0x000000000008fa58                PROVIDE (__fini_array_end, ABSOLUTE (.))
 *(.eh_frame)
 *(.gcc_except_table .gcc_except_table.*)
 *(.dynamic)
                0x000000000008fa58                PROVIDE (__CTOR_LIST__, ABSOLUTE (.))
 *(.ctors)
 *(SORT(.ctors.*))
                0x000000000008fa58                PROVIDE (__CTOR_END__, ABSOLUTE (.))
                0x000000000008fa58                PROVIDE (__DTOR_LIST__, ABSOLUTE (.))
 *(.dtors)
 *(SORT(.dtors.*))
                0x000000000008fa58                PROVIDE (__DTOR_END__, ABSOLUTE (.))
 *(.jcr)
                0x000000000008fa58                . = ALIGN (0x4)

.rodata         0x000000000008fa58      0x488
                0x000000000008fa58                PROVIDE (__ram_rodata_start, ABSOLUTE (.))
                0x000000000008fa58                . = ALIGN (0x4)
 *(.rodata .rodata.* .gnu.linkonce.r.*)
 .rodata        0x000000000008fa58      0x190 obj/default/main.o
 .rodata.str1.4
                0x000000000008fbe8        0x2 /home/perina/altera/14.1/nios2eds/bin/gnu/H-x86_64-pc-linux-gnu/bin/../lib/gcc/nios2-elf/4.8.3/../../../../../H-x86_64-pc-linux-gnu/nios2-elf/lib/mno-hw-mul/libc.a(lib_a-impure.o)
                                          0x4 (size before relaxing)
 *fill*         0x000000000008fbea        0x2 
 .rodata.str1.4
                0x000000000008fbec        0x2 /home/perina/altera/14.1/nios2eds/bin/gnu/H-x86_64-pc-linux-gnu/bin/../lib/gcc/nios2-elf/4.8.3/../../../../../H-x86_64-pc-linux-gnu/nios2-elf/lib/mno-hw-mul/libc.a(lib_a-puts.o)
                                          0x4 (size before relaxing)
 *fill*         0x000000000008fbee        0x2 
 .rodata.str1.4
                0x000000000008fbf0       0x42 /home/perina/altera/14.1/nios2eds/bin/gnu/H-x86_64-pc-linux-gnu/bin/../lib/gcc/nios2-elf/4.8.3/../../../../../H-x86_64-pc-linux-gnu/nios2-elf/lib/mno-hw-mul/libc.a(lib_a-vfprintf.o)
                                         0x44 (size before relaxing)
 .rodata        0x000000000008fc32       0x20 /home/perina/altera/14.1/nios2eds/bin/gnu/H-x86_64-pc-linux-gnu/bin/../lib/gcc/nios2-elf/4.8.3/../../../../../H-x86_64-pc-linux-gnu/nios2-elf/lib/mno-hw-mul/libc.a(lib_a-vfprintf.o)
 *fill*         0x000000000008fc52        0x2 
 .rodata.str1.4
                0x000000000008fc54       0x10 /home/perina/altera/14.1/nios2eds/bin/gnu/H-x86_64-pc-linux-gnu/bin/../lib/gcc/nios2-elf/4.8.3/../../../../../H-x86_64-pc-linux-gnu/nios2-elf/lib/mno-hw-mul/libc.a(lib_a-dtoa.o)
                                         0x14 (size before relaxing)
 .rodata.str1.4
                0x000000000008fc64        0xc /home/perina/altera/14.1/nios2eds/bin/gnu/H-x86_64-pc-linux-gnu/bin/../lib/gcc/nios2-elf/4.8.3/../../../../../H-x86_64-pc-linux-gnu/nios2-elf/lib/mno-hw-mul/libc.a(lib_a-locale.o)
                                         0x14 (size before relaxing)
 .rodata        0x000000000008fc70      0x124 /home/perina/altera/14.1/nios2eds/bin/gnu/H-x86_64-pc-linux-gnu/bin/../lib/gcc/nios2-elf/4.8.3/../../../../../H-x86_64-pc-linux-gnu/nios2-elf/lib/mno-hw-mul/libc.a(lib_a-mprec.o)
                0x000000000008fc7c                __mprec_tinytens
                0x000000000008fca4                __mprec_bigtens
                0x000000000008fccc                __mprec_tens
 .rodata.str1.4
                0x0000000000000000       0x30 /home/perina/altera/14.1/nios2eds/bin/gnu/H-x86_64-pc-linux-gnu/bin/../lib/gcc/nios2-elf/4.8.3/../../../../../H-x86_64-pc-linux-gnu/nios2-elf/lib/mno-hw-mul/libc.a(lib_a-vfiprintf.o)
 .rodata        0x000000000008fd94       0x20 /home/perina/altera/14.1/nios2eds/bin/gnu/H-x86_64-pc-linux-gnu/bin/../lib/gcc/nios2-elf/4.8.3/../../../../../H-x86_64-pc-linux-gnu/nios2-elf/lib/mno-hw-mul/libc.a(lib_a-vfiprintf.o)
 .rodata        0x000000000008fdb4      0x100 /home/perina/altera/14.1/nios2eds/bin/gnu/H-x86_64-pc-linux-gnu/bin/../lib/gcc/nios2-elf/4.8.3/mno-hw-mul/libgcc.a(_clz.o)
                0x000000000008fdb4                __clz_tab
 .rodata        0x000000000008feb4        0xc ../BitstreamLoader_bsp//libhal_bsp.a(alt_dev.o)
 .rodata        0x000000000008fec0       0x10 ../BitstreamLoader_bsp//libhal_bsp.a(alt_main.o)
 .rodata        0x000000000008fed0       0x10 ../BitstreamLoader_bsp//libhal_bsp.a(alt_sys_init.o)
 *(.rodata1)
                0x000000000008fee0                . = ALIGN (0x4)
                0x000000000008fee0                PROVIDE (__ram_rodata_end, ABSOLUTE (.))
                0x000000000008fa58                PROVIDE (__flash_rodata_start, LOADADDR (.rodata))

.rwdata         0x000000000008fee0     0x1aec load address 0x00000000000919cc
                0x000000000008fee0                PROVIDE (__ram_rwdata_start, ABSOLUTE (.))
                0x000000000008fee0                . = ALIGN (0x4)
 *(.got.plt)
 *(.got)
 *(.data1)
 *(.data .data.* .gnu.linkonce.d.*)
 .data          0x000000000008fee0        0x0 ../BitstreamLoader_bsp//obj/HAL/src/crt0.o
 .data          0x000000000008fee0        0x0 obj/default/main.o
 .data          0x000000000008fee0        0x0 /home/perina/altera/14.1/nios2eds/bin/gnu/H-x86_64-pc-linux-gnu/bin/../lib/gcc/nios2-elf/4.8.3/../../../../../H-x86_64-pc-linux-gnu/nios2-elf/lib/mno-hw-mul/libc.a(lib_a-getc.o)
 .data          0x000000000008fee0      0x424 /home/perina/altera/14.1/nios2eds/bin/gnu/H-x86_64-pc-linux-gnu/bin/../lib/gcc/nios2-elf/4.8.3/../../../../../H-x86_64-pc-linux-gnu/nios2-elf/lib/mno-hw-mul/libc.a(lib_a-impure.o)
 .data          0x0000000000090304        0x0 /home/perina/altera/14.1/nios2eds/bin/gnu/H-x86_64-pc-linux-gnu/bin/../lib/gcc/nios2-elf/4.8.3/../../../../../H-x86_64-pc-linux-gnu/nios2-elf/lib/mno-hw-mul/libc.a(lib_a-printf.o)
 .data          0x0000000000090304        0x0 /home/perina/altera/14.1/nios2eds/bin/gnu/H-x86_64-pc-linux-gnu/bin/../lib/gcc/nios2-elf/4.8.3/../../../../../H-x86_64-pc-linux-gnu/nios2-elf/lib/mno-hw-mul/libc.a(lib_a-puts.o)
 .data          0x0000000000090304        0x0 /home/perina/altera/14.1/nios2eds/bin/gnu/H-x86_64-pc-linux-gnu/bin/../lib/gcc/nios2-elf/4.8.3/../../../../../H-x86_64-pc-linux-gnu/nios2-elf/lib/mno-hw-mul/libc.a(lib_a-rget.o)
 .data          0x0000000000090304        0x0 /home/perina/altera/14.1/nios2eds/bin/gnu/H-x86_64-pc-linux-gnu/bin/../lib/gcc/nios2-elf/4.8.3/../../../../../H-x86_64-pc-linux-gnu/nios2-elf/lib/mno-hw-mul/libc.a(lib_a-strlen.o)
 .data          0x0000000000090304        0x0 /home/perina/altera/14.1/nios2eds/bin/gnu/H-x86_64-pc-linux-gnu/bin/../lib/gcc/nios2-elf/4.8.3/../../../../../H-x86_64-pc-linux-gnu/nios2-elf/lib/mno-hw-mul/libc.a(lib_a-vfprintf.o)
 .data          0x0000000000090304        0x0 /home/perina/altera/14.1/nios2eds/bin/gnu/H-x86_64-pc-linux-gnu/bin/../lib/gcc/nios2-elf/4.8.3/../../../../../H-x86_64-pc-linux-gnu/nios2-elf/lib/mno-hw-mul/libc.a(lib_a-wsetup.o)
 .data          0x0000000000090304        0x0 /home/perina/altera/14.1/nios2eds/bin/gnu/H-x86_64-pc-linux-gnu/bin/../lib/gcc/nios2-elf/4.8.3/../../../../../H-x86_64-pc-linux-gnu/nios2-elf/lib/mno-hw-mul/libc.a(lib_a-dtoa.o)
 .data          0x0000000000090304        0x0 /home/perina/altera/14.1/nios2eds/bin/gnu/H-x86_64-pc-linux-gnu/bin/../lib/gcc/nios2-elf/4.8.3/../../../../../H-x86_64-pc-linux-gnu/nios2-elf/lib/mno-hw-mul/libc.a(lib_a-fflush.o)
 .data          0x0000000000090304        0x0 /home/perina/altera/14.1/nios2eds/bin/gnu/H-x86_64-pc-linux-gnu/bin/../lib/gcc/nios2-elf/4.8.3/../../../../../H-x86_64-pc-linux-gnu/nios2-elf/lib/mno-hw-mul/libc.a(lib_a-findfp.o)
 .data          0x0000000000090304        0x0 /home/perina/altera/14.1/nios2eds/bin/gnu/H-x86_64-pc-linux-gnu/bin/../lib/gcc/nios2-elf/4.8.3/../../../../../H-x86_64-pc-linux-gnu/nios2-elf/lib/mno-hw-mul/libc.a(lib_a-freer.o)
 .data          0x0000000000090304        0x0 /home/perina/altera/14.1/nios2eds/bin/gnu/H-x86_64-pc-linux-gnu/bin/../lib/gcc/nios2-elf/4.8.3/../../../../../H-x86_64-pc-linux-gnu/nios2-elf/lib/mno-hw-mul/libc.a(lib_a-fvwrite.o)
 .data          0x0000000000090304        0x0 /home/perina/altera/14.1/nios2eds/bin/gnu/H-x86_64-pc-linux-gnu/bin/../lib/gcc/nios2-elf/4.8.3/../../../../../H-x86_64-pc-linux-gnu/nios2-elf/lib/mno-hw-mul/libc.a(lib_a-fwalk.o)
 .data          0x0000000000090304       0x78 /home/perina/altera/14.1/nios2eds/bin/gnu/H-x86_64-pc-linux-gnu/bin/../lib/gcc/nios2-elf/4.8.3/../../../../../H-x86_64-pc-linux-gnu/nios2-elf/lib/mno-hw-mul/libc.a(lib_a-locale.o)
 .data          0x000000000009037c        0x0 /home/perina/altera/14.1/nios2eds/bin/gnu/H-x86_64-pc-linux-gnu/bin/../lib/gcc/nios2-elf/4.8.3/../../../../../H-x86_64-pc-linux-gnu/nios2-elf/lib/mno-hw-mul/libc.a(lib_a-makebuf.o)
 .data          0x000000000009037c      0x408 /home/perina/altera/14.1/nios2eds/bin/gnu/H-x86_64-pc-linux-gnu/bin/../lib/gcc/nios2-elf/4.8.3/../../../../../H-x86_64-pc-linux-gnu/nios2-elf/lib/mno-hw-mul/libc.a(lib_a-mallocr.o)
                0x000000000009037c                __malloc_av_
 .data          0x0000000000090784        0x0 /home/perina/altera/14.1/nios2eds/bin/gnu/H-x86_64-pc-linux-gnu/bin/../lib/gcc/nios2-elf/4.8.3/../../../../../H-x86_64-pc-linux-gnu/nios2-elf/lib/mno-hw-mul/libc.a(lib_a-memchr.o)
 .data          0x0000000000090784        0x0 /home/perina/altera/14.1/nios2eds/bin/gnu/H-x86_64-pc-linux-gnu/bin/../lib/gcc/nios2-elf/4.8.3/../../../../../H-x86_64-pc-linux-gnu/nios2-elf/lib/mno-hw-mul/libc.a(lib_a-memcpy.o)
 .data          0x0000000000090784        0x0 /home/perina/altera/14.1/nios2eds/bin/gnu/H-x86_64-pc-linux-gnu/bin/../lib/gcc/nios2-elf/4.8.3/../../../../../H-x86_64-pc-linux-gnu/nios2-elf/lib/mno-hw-mul/libc.a(lib_a-memmove.o)
 .data          0x0000000000090784        0x0 /home/perina/altera/14.1/nios2eds/bin/gnu/H-x86_64-pc-linux-gnu/bin/../lib/gcc/nios2-elf/4.8.3/../../../../../H-x86_64-pc-linux-gnu/nios2-elf/lib/mno-hw-mul/libc.a(lib_a-memset.o)
 .data          0x0000000000090784        0x0 /home/perina/altera/14.1/nios2eds/bin/gnu/H-x86_64-pc-linux-gnu/bin/../lib/gcc/nios2-elf/4.8.3/../../../../../H-x86_64-pc-linux-gnu/nios2-elf/lib/mno-hw-mul/libc.a(lib_a-mprec.o)
 .data          0x0000000000090784        0x0 /home/perina/altera/14.1/nios2eds/bin/gnu/H-x86_64-pc-linux-gnu/bin/../lib/gcc/nios2-elf/4.8.3/../../../../../H-x86_64-pc-linux-gnu/nios2-elf/lib/mno-hw-mul/libc.a(lib_a-reallocr.o)
 .data          0x0000000000090784        0x0 /home/perina/altera/14.1/nios2eds/bin/gnu/H-x86_64-pc-linux-gnu/bin/../lib/gcc/nios2-elf/4.8.3/../../../../../H-x86_64-pc-linux-gnu/nios2-elf/lib/mno-hw-mul/libc.a(lib_a-refill.o)
 .data          0x0000000000090784        0x0 /home/perina/altera/14.1/nios2eds/bin/gnu/H-x86_64-pc-linux-gnu/bin/../lib/gcc/nios2-elf/4.8.3/../../../../../H-x86_64-pc-linux-gnu/nios2-elf/lib/mno-hw-mul/libc.a(lib_a-s_fpclassify.o)
 .data          0x0000000000090784        0x0 /home/perina/altera/14.1/nios2eds/bin/gnu/H-x86_64-pc-linux-gnu/bin/../lib/gcc/nios2-elf/4.8.3/../../../../../H-x86_64-pc-linux-gnu/nios2-elf/lib/mno-hw-mul/libc.a(lib_a-sbrkr.o)
 .data          0x0000000000090784        0x0 /home/perina/altera/14.1/nios2eds/bin/gnu/H-x86_64-pc-linux-gnu/bin/../lib/gcc/nios2-elf/4.8.3/../../../../../H-x86_64-pc-linux-gnu/nios2-elf/lib/mno-hw-mul/libc.a(lib_a-stdio.o)
 .data          0x0000000000090784        0x0 /home/perina/altera/14.1/nios2eds/bin/gnu/H-x86_64-pc-linux-gnu/bin/../lib/gcc/nios2-elf/4.8.3/../../../../../H-x86_64-pc-linux-gnu/nios2-elf/lib/mno-hw-mul/libc.a(lib_a-strcmp.o)
 .data          0x0000000000090784        0x0 /home/perina/altera/14.1/nios2eds/bin/gnu/H-x86_64-pc-linux-gnu/bin/../lib/gcc/nios2-elf/4.8.3/../../../../../H-x86_64-pc-linux-gnu/nios2-elf/lib/mno-hw-mul/libc.a(lib_a-vfiprintf.o)
 .data          0x0000000000090784        0x0 /home/perina/altera/14.1/nios2eds/bin/gnu/H-x86_64-pc-linux-gnu/bin/../lib/gcc/nios2-elf/4.8.3/../../../../../H-x86_64-pc-linux-gnu/nios2-elf/lib/mno-hw-mul/libc.a(lib_a-writer.o)
 .data          0x0000000000090784        0x0 /home/perina/altera/14.1/nios2eds/bin/gnu/H-x86_64-pc-linux-gnu/bin/../lib/gcc/nios2-elf/4.8.3/../../../../../H-x86_64-pc-linux-gnu/nios2-elf/lib/mno-hw-mul/libc.a(closer.o)
 .data          0x0000000000090784        0x0 /home/perina/altera/14.1/nios2eds/bin/gnu/H-x86_64-pc-linux-gnu/bin/../lib/gcc/nios2-elf/4.8.3/../../../../../H-x86_64-pc-linux-gnu/nios2-elf/lib/mno-hw-mul/libc.a(lib_a-callocr.o)
 .data          0x0000000000090784        0x0 /home/perina/altera/14.1/nios2eds/bin/gnu/H-x86_64-pc-linux-gnu/bin/../lib/gcc/nios2-elf/4.8.3/../../../../../H-x86_64-pc-linux-gnu/nios2-elf/lib/mno-hw-mul/libc.a(lib_a-fclose.o)
 .data          0x0000000000090784        0x0 /home/perina/altera/14.1/nios2eds/bin/gnu/H-x86_64-pc-linux-gnu/bin/../lib/gcc/nios2-elf/4.8.3/../../../../../H-x86_64-pc-linux-gnu/nios2-elf/lib/mno-hw-mul/libc.a(lib_a-fputwc.o)
 .data          0x0000000000090784        0x0 /home/perina/altera/14.1/nios2eds/bin/gnu/H-x86_64-pc-linux-gnu/bin/../lib/gcc/nios2-elf/4.8.3/../../../../../H-x86_64-pc-linux-gnu/nios2-elf/lib/mno-hw-mul/libc.a(lib_a-fstatr.o)
 .data          0x0000000000090784        0x0 /home/perina/altera/14.1/nios2eds/bin/gnu/H-x86_64-pc-linux-gnu/bin/../lib/gcc/nios2-elf/4.8.3/../../../../../H-x86_64-pc-linux-gnu/nios2-elf/lib/mno-hw-mul/libc.a(lib_a-int_errno.o)
 .data          0x0000000000090784        0x0 /home/perina/altera/14.1/nios2eds/bin/gnu/H-x86_64-pc-linux-gnu/bin/../lib/gcc/nios2-elf/4.8.3/../../../../../H-x86_64-pc-linux-gnu/nios2-elf/lib/mno-hw-mul/libc.a(lib_a-isattyr.o)
 .data          0x0000000000090784        0x0 /home/perina/altera/14.1/nios2eds/bin/gnu/H-x86_64-pc-linux-gnu/bin/../lib/gcc/nios2-elf/4.8.3/../../../../../H-x86_64-pc-linux-gnu/nios2-elf/lib/mno-hw-mul/libc.a(lib_a-lseekr.o)
 .data          0x0000000000090784        0x0 /home/perina/altera/14.1/nios2eds/bin/gnu/H-x86_64-pc-linux-gnu/bin/../lib/gcc/nios2-elf/4.8.3/../../../../../H-x86_64-pc-linux-gnu/nios2-elf/lib/mno-hw-mul/libc.a(lib_a-readr.o)
 .data          0x0000000000090784        0x0 /home/perina/altera/14.1/nios2eds/bin/gnu/H-x86_64-pc-linux-gnu/bin/../lib/gcc/nios2-elf/4.8.3/../../../../../H-x86_64-pc-linux-gnu/nios2-elf/lib/mno-hw-mul/libc.a(lib_a-wbuf.o)
 .data          0x0000000000090784        0x0 /home/perina/altera/14.1/nios2eds/bin/gnu/H-x86_64-pc-linux-gnu/bin/../lib/gcc/nios2-elf/4.8.3/../../../../../H-x86_64-pc-linux-gnu/nios2-elf/lib/mno-hw-mul/libc.a(lib_a-wcrtomb.o)
 .data          0x0000000000090784        0x0 /home/perina/altera/14.1/nios2eds/bin/gnu/H-x86_64-pc-linux-gnu/bin/../lib/gcc/nios2-elf/4.8.3/../../../../../H-x86_64-pc-linux-gnu/nios2-elf/lib/mno-hw-mul/libc.a(lib_a-wctomb_r.o)
 .data          0x0000000000090784        0x0 /home/perina/altera/14.1/nios2eds/bin/gnu/H-x86_64-pc-linux-gnu/bin/../lib/gcc/nios2-elf/4.8.3/mno-hw-mul/libgcc.a(_udivdi3.o)
 .data          0x0000000000090784        0x0 /home/perina/altera/14.1/nios2eds/bin/gnu/H-x86_64-pc-linux-gnu/bin/../lib/gcc/nios2-elf/4.8.3/mno-hw-mul/libgcc.a(_umoddi3.o)
 .data          0x0000000000090784        0x0 /home/perina/altera/14.1/nios2eds/bin/gnu/H-x86_64-pc-linux-gnu/bin/../lib/gcc/nios2-elf/4.8.3/mno-hw-mul/libgcc.a(lib2-divmod.o)
 .data          0x0000000000090784        0x0 /home/perina/altera/14.1/nios2eds/bin/gnu/H-x86_64-pc-linux-gnu/bin/../lib/gcc/nios2-elf/4.8.3/mno-hw-mul/libgcc.a(lib2-mul.o)
 .data          0x0000000000090784        0x0 /home/perina/altera/14.1/nios2eds/bin/gnu/H-x86_64-pc-linux-gnu/bin/../lib/gcc/nios2-elf/4.8.3/mno-hw-mul/libgcc.a(adddf3.o)
 .data          0x0000000000090784        0x0 /home/perina/altera/14.1/nios2eds/bin/gnu/H-x86_64-pc-linux-gnu/bin/../lib/gcc/nios2-elf/4.8.3/mno-hw-mul/libgcc.a(divdf3.o)
 .data          0x0000000000090784        0x0 /home/perina/altera/14.1/nios2eds/bin/gnu/H-x86_64-pc-linux-gnu/bin/../lib/gcc/nios2-elf/4.8.3/mno-hw-mul/libgcc.a(eqdf2.o)
 .data          0x0000000000090784        0x0 /home/perina/altera/14.1/nios2eds/bin/gnu/H-x86_64-pc-linux-gnu/bin/../lib/gcc/nios2-elf/4.8.3/mno-hw-mul/libgcc.a(gedf2.o)
 .data          0x0000000000090784        0x0 /home/perina/altera/14.1/nios2eds/bin/gnu/H-x86_64-pc-linux-gnu/bin/../lib/gcc/nios2-elf/4.8.3/mno-hw-mul/libgcc.a(ledf2.o)
 .data          0x0000000000090784        0x0 /home/perina/altera/14.1/nios2eds/bin/gnu/H-x86_64-pc-linux-gnu/bin/../lib/gcc/nios2-elf/4.8.3/mno-hw-mul/libgcc.a(muldf3.o)
 .data          0x0000000000090784        0x0 /home/perina/altera/14.1/nios2eds/bin/gnu/H-x86_64-pc-linux-gnu/bin/../lib/gcc/nios2-elf/4.8.3/mno-hw-mul/libgcc.a(subdf3.o)
 .data          0x0000000000090784        0x0 /home/perina/altera/14.1/nios2eds/bin/gnu/H-x86_64-pc-linux-gnu/bin/../lib/gcc/nios2-elf/4.8.3/mno-hw-mul/libgcc.a(fixdfsi.o)
 .data          0x0000000000090784        0x0 /home/perina/altera/14.1/nios2eds/bin/gnu/H-x86_64-pc-linux-gnu/bin/../lib/gcc/nios2-elf/4.8.3/mno-hw-mul/libgcc.a(floatsidf.o)
 .data          0x0000000000090784        0x0 /home/perina/altera/14.1/nios2eds/bin/gnu/H-x86_64-pc-linux-gnu/bin/../lib/gcc/nios2-elf/4.8.3/mno-hw-mul/libgcc.a(floatunsidf.o)
 .data          0x0000000000090784        0x0 /home/perina/altera/14.1/nios2eds/bin/gnu/H-x86_64-pc-linux-gnu/bin/../lib/gcc/nios2-elf/4.8.3/mno-hw-mul/libgcc.a(_clz.o)
 .data          0x0000000000090784        0x0 /home/perina/altera/14.1/nios2eds/bin/gnu/H-x86_64-pc-linux-gnu/bin/../lib/gcc/nios2-elf/4.8.3/mno-hw-mul/libgcc.a(_clzsi2.o)
 .data          0x0000000000090784        0x0 ../BitstreamLoader_bsp//libhal_bsp.a(alt_close.o)
 .data          0x0000000000090784      0x1a8 ../BitstreamLoader_bsp//libhal_bsp.a(alt_dev.o)
                0x0000000000090784                alt_dev_null
                0x00000000000907ac                alt_fd_list
 .data          0x000000000009092c        0x0 ../BitstreamLoader_bsp//libhal_bsp.a(alt_errno.o)
 .data          0x000000000009092c        0x0 ../BitstreamLoader_bsp//libhal_bsp.a(alt_fstat.o)
 .data          0x000000000009092c        0x0 ../BitstreamLoader_bsp//libhal_bsp.a(alt_isatty.o)
 .data          0x000000000009092c        0x0 ../BitstreamLoader_bsp//libhal_bsp.a(alt_load.o)
 .data          0x000000000009092c        0x0 ../BitstreamLoader_bsp//libhal_bsp.a(alt_lseek.o)
 .data          0x000000000009092c        0x0 ../BitstreamLoader_bsp//libhal_bsp.a(alt_main.o)
 .data          0x000000000009092c        0x0 ../BitstreamLoader_bsp//libhal_bsp.a(alt_malloc_lock.o)
 .data          0x000000000009092c        0x0 ../BitstreamLoader_bsp//libhal_bsp.a(alt_read.o)
 .data          0x000000000009092c        0x0 ../BitstreamLoader_bsp//libhal_bsp.a(alt_release_fd.o)
 .data          0x000000000009092c        0x0 ../BitstreamLoader_bsp//libhal_bsp.a(alt_sbrk.o)
 .data          0x000000000009092c        0x0 ../BitstreamLoader_bsp//libhal_bsp.a(alt_write.o)
 .data          0x000000000009092c     0x1060 ../BitstreamLoader_bsp//libhal_bsp.a(alt_sys_init.o)
 .data          0x000000000009198c        0x0 ../BitstreamLoader_bsp//libhal_bsp.a(altera_avalon_jtag_uart_fd.o)
 .data          0x000000000009198c        0x0 ../BitstreamLoader_bsp//libhal_bsp.a(altera_avalon_jtag_uart_init.o)
 .data          0x000000000009198c        0x0 ../BitstreamLoader_bsp//libhal_bsp.a(altera_avalon_jtag_uart_ioctl.o)
 .data          0x000000000009198c        0x0 ../BitstreamLoader_bsp//libhal_bsp.a(altera_avalon_jtag_uart_read.o)
 .data          0x000000000009198c        0x0 ../BitstreamLoader_bsp//libhal_bsp.a(altera_avalon_jtag_uart_write.o)
 .data          0x000000000009198c        0x0 ../BitstreamLoader_bsp//libhal_bsp.a(altera_avalon_timer_sc.o)
 .data          0x000000000009198c        0x0 ../BitstreamLoader_bsp//libhal_bsp.a(alt_alarm_start.o)
 .data          0x000000000009198c        0x0 ../BitstreamLoader_bsp//libhal_bsp.a(alt_dcache_flush_all.o)
 .data          0x000000000009198c        0x0 ../BitstreamLoader_bsp//libhal_bsp.a(alt_dev_llist_insert.o)
 .data          0x000000000009198c        0x0 ../BitstreamLoader_bsp//libhal_bsp.a(alt_do_ctors.o)
 .data          0x000000000009198c        0x0 ../BitstreamLoader_bsp//libhal_bsp.a(alt_do_dtors.o)
 .data          0x000000000009198c        0x0 ../BitstreamLoader_bsp//libhal_bsp.a(alt_icache_flush_all.o)
 .data          0x000000000009198c        0x0 ../BitstreamLoader_bsp//libhal_bsp.a(alt_iic.o)
 .data          0x000000000009198c        0x0 ../BitstreamLoader_bsp//libhal_bsp.a(alt_iic_isr_register.o)
 .data          0x000000000009198c        0x0 ../BitstreamLoader_bsp//libhal_bsp.a(alt_io_redirect.o)
 .data          0x000000000009198c        0x0 ../BitstreamLoader_bsp//libhal_bsp.a(alt_irq_entry.o)
 .data          0x000000000009198c        0x0 ../BitstreamLoader_bsp//libhal_bsp.a(alt_irq_handler.o)
 .data          0x000000000009198c        0x0 ../BitstreamLoader_bsp//libhal_bsp.a(alt_irq_vars.o)
 .data          0x000000000009198c        0x0 ../BitstreamLoader_bsp//libhal_bsp.a(alt_open.o)
 .data          0x000000000009198c        0x0 ../BitstreamLoader_bsp//libhal_bsp.a(alt_tick.o)
 .data          0x000000000009198c        0x0 ../BitstreamLoader_bsp//libhal_bsp.a(altera_nios2_gen2_irq.o)
 .data          0x000000000009198c        0x0 ../BitstreamLoader_bsp//libhal_bsp.a(alt_exception_entry.o)
 .data          0x000000000009198c        0x0 ../BitstreamLoader_bsp//libhal_bsp.a(alt_find_dev.o)
 .data          0x000000000009198c        0x0 ../BitstreamLoader_bsp//libhal_bsp.a(alt_find_file.o)
 .data          0x000000000009198c        0x0 ../BitstreamLoader_bsp//libhal_bsp.a(alt_get_fd.o)
 .data          0x000000000009198c        0x0 ../BitstreamLoader_bsp//libhal_bsp.a(alt_instruction_exception_entry.o)
 .data          0x000000000009198c        0x0 /home/perina/altera/14.1/nios2eds/bin/gnu/H-x86_64-pc-linux-gnu/bin/../lib/gcc/nios2-elf/4.8.3/../../../../../H-x86_64-pc-linux-gnu/nios2-elf/lib/mno-hw-mul/libc.a(lib_a-atexit.o)
 .data          0x000000000009198c        0x0 /home/perina/altera/14.1/nios2eds/bin/gnu/H-x86_64-pc-linux-gnu/bin/../lib/gcc/nios2-elf/4.8.3/../../../../../H-x86_64-pc-linux-gnu/nios2-elf/lib/mno-hw-mul/libc.a(lib_a-exit.o)
 .data          0x000000000009198c        0x0 /home/perina/altera/14.1/nios2eds/bin/gnu/H-x86_64-pc-linux-gnu/bin/../lib/gcc/nios2-elf/4.8.3/../../../../../H-x86_64-pc-linux-gnu/nios2-elf/lib/mno-hw-mul/libc.a(lib_a-memcmp.o)
 .data          0x000000000009198c        0x0 /home/perina/altera/14.1/nios2eds/bin/gnu/H-x86_64-pc-linux-gnu/bin/../lib/gcc/nios2-elf/4.8.3/../../../../../H-x86_64-pc-linux-gnu/nios2-elf/lib/mno-hw-mul/libc.a(lib_a-__atexit.o)
 .data          0x000000000009198c        0x0 /home/perina/altera/14.1/nios2eds/bin/gnu/H-x86_64-pc-linux-gnu/bin/../lib/gcc/nios2-elf/4.8.3/../../../../../H-x86_64-pc-linux-gnu/nios2-elf/lib/mno-hw-mul/libc.a(lib_a-__call_atexit.o)
 .data          0x000000000009198c        0x0 ../BitstreamLoader_bsp//libhal_bsp.a(alt_exit.o)
                0x000000000009998c                _gp = ABSOLUTE ((. + 0x8000))
                0x000000000009998c                PROVIDE (gp, _gp)
 *(.rwdata .rwdata.*)
 *(.sdata .sdata.* .gnu.linkonce.s.*)
 .sdata         0x000000000009198c        0x8 /home/perina/altera/14.1/nios2eds/bin/gnu/H-x86_64-pc-linux-gnu/bin/../lib/gcc/nios2-elf/4.8.3/../../../../../H-x86_64-pc-linux-gnu/nios2-elf/lib/mno-hw-mul/libc.a(lib_a-impure.o)
                0x000000000009198c                _global_impure_ptr
                0x0000000000091990                _impure_ptr
 .sdata         0x0000000000091994        0x4 /home/perina/altera/14.1/nios2eds/bin/gnu/H-x86_64-pc-linux-gnu/bin/../lib/gcc/nios2-elf/4.8.3/../../../../../H-x86_64-pc-linux-gnu/nios2-elf/lib/mno-hw-mul/libc.a(lib_a-locale.o)
                0x0000000000091994                __mb_cur_max
 .sdata         0x0000000000091998        0x8 /home/perina/altera/14.1/nios2eds/bin/gnu/H-x86_64-pc-linux-gnu/bin/../lib/gcc/nios2-elf/4.8.3/../../../../../H-x86_64-pc-linux-gnu/nios2-elf/lib/mno-hw-mul/libc.a(lib_a-mallocr.o)
                0x0000000000091998                __malloc_sbrk_base
                0x000000000009199c                __malloc_trim_threshold
 .sdata         0x00000000000919a0        0x4 /home/perina/altera/14.1/nios2eds/bin/gnu/H-x86_64-pc-linux-gnu/bin/../lib/gcc/nios2-elf/4.8.3/../../../../../H-x86_64-pc-linux-gnu/nios2-elf/lib/mno-hw-mul/libc.a(lib_a-wctomb_r.o)
                0x00000000000919a0                __wctomb
 .sdata         0x00000000000919a4       0x14 ../BitstreamLoader_bsp//libhal_bsp.a(alt_dev.o)
                0x00000000000919a4                alt_fs_list
                0x00000000000919ac                alt_dev_list
                0x00000000000919b4                alt_max_fd
 .sdata         0x00000000000919b8        0x4 ../BitstreamLoader_bsp//libhal_bsp.a(alt_errno.o)
                0x00000000000919b8                alt_errno
 .sdata         0x00000000000919bc        0x4 ../BitstreamLoader_bsp//libhal_bsp.a(alt_sbrk.o)
 .sdata         0x00000000000919c0        0x4 ../BitstreamLoader_bsp//libhal_bsp.a(alt_irq_vars.o)
                0x00000000000919c0                alt_priority_mask
 .sdata         0x00000000000919c4        0x8 ../BitstreamLoader_bsp//libhal_bsp.a(alt_tick.o)
                0x00000000000919c4                alt_alarm_list
 *(.sdata2 .sdata2.* .gnu.linkonce.s2.*)
                0x00000000000919cc                . = ALIGN (0x4)
                0x00000000000919cc                _edata = ABSOLUTE (.)
                0x00000000000919cc                PROVIDE (edata, ABSOLUTE (.))
                0x00000000000919cc                PROVIDE (__ram_rwdata_end, ABSOLUTE (.))
                0x00000000000919cc                PROVIDE (__flash_rwdata_start, LOADADDR (.rwdata))

.bss            0x00000000000934b8      0x160
                0x00000000000934b8                __bss_start = ABSOLUTE (.)
                0x00000000000934b8                PROVIDE (__sbss_start, ABSOLUTE (.))
                0x00000000000934b8                PROVIDE (___sbss_start, ABSOLUTE (.))
 *(.dynsbss)
 *(.sbss .sbss.* .gnu.linkonce.sb.*)
 .sbss          0x00000000000934b8        0xc /home/perina/altera/14.1/nios2eds/bin/gnu/H-x86_64-pc-linux-gnu/bin/../lib/gcc/nios2-elf/4.8.3/../../../../../H-x86_64-pc-linux-gnu/nios2-elf/lib/mno-hw-mul/libc.a(lib_a-locale.o)
                0x00000000000934b8                _PathLocale
                0x00000000000934bc                __mlocale_changed
                0x00000000000934c0                __nlocale_changed
 .sbss          0x00000000000934c4        0xc /home/perina/altera/14.1/nios2eds/bin/gnu/H-x86_64-pc-linux-gnu/bin/../lib/gcc/nios2-elf/4.8.3/../../../../../H-x86_64-pc-linux-gnu/nios2-elf/lib/mno-hw-mul/libc.a(lib_a-mallocr.o)
                0x00000000000934c4                __malloc_max_total_mem
                0x00000000000934c8                __malloc_max_sbrked_mem
                0x00000000000934cc                __malloc_top_pad
 .sbss          0x00000000000934d0        0x4 /home/perina/altera/14.1/nios2eds/bin/gnu/H-x86_64-pc-linux-gnu/bin/../lib/gcc/nios2-elf/4.8.3/../../../../../H-x86_64-pc-linux-gnu/nios2-elf/lib/mno-hw-mul/libc.a(lib_a-int_errno.o)
                0x00000000000934d0                errno
 .sbss          0x00000000000934d4        0xc ../BitstreamLoader_bsp//libhal_bsp.a(alt_main.o)
                0x00000000000934d4                alt_argc
                0x00000000000934d8                alt_argv
                0x00000000000934dc                alt_envp
 .sbss          0x00000000000934e0        0x4 ../BitstreamLoader_bsp//libhal_bsp.a(alt_irq_vars.o)
                0x00000000000934e0                alt_irq_active
 .sbss          0x00000000000934e4        0x8 ../BitstreamLoader_bsp//libhal_bsp.a(alt_tick.o)
                0x00000000000934e4                _alt_tick_rate
                0x00000000000934e8                _alt_nticks
 .sbss          0x00000000000934ec        0x4 ../BitstreamLoader_bsp//libhal_bsp.a(alt_instruction_exception_entry.o)
                0x00000000000934ec                alt_instruction_exception_handler
 *(.sbss2 .sbss2.* .gnu.linkonce.sb2.*)
 *(.scommon)
                0x00000000000934f0                PROVIDE (__sbss_end, ABSOLUTE (.))
                0x00000000000934f0                PROVIDE (___sbss_end, ABSOLUTE (.))
 *(.dynbss)
 *(.bss .bss.* .gnu.linkonce.b.*)
 .bss           0x00000000000934f0        0x0 ../BitstreamLoader_bsp//obj/HAL/src/crt0.o
 .bss           0x00000000000934f0        0x0 obj/default/main.o
 .bss           0x00000000000934f0        0x0 /home/perina/altera/14.1/nios2eds/bin/gnu/H-x86_64-pc-linux-gnu/bin/../lib/gcc/nios2-elf/4.8.3/../../../../../H-x86_64-pc-linux-gnu/nios2-elf/lib/mno-hw-mul/libc.a(lib_a-getc.o)
 .bss           0x00000000000934f0        0x0 /home/perina/altera/14.1/nios2eds/bin/gnu/H-x86_64-pc-linux-gnu/bin/../lib/gcc/nios2-elf/4.8.3/../../../../../H-x86_64-pc-linux-gnu/nios2-elf/lib/mno-hw-mul/libc.a(lib_a-impure.o)
 .bss           0x00000000000934f0        0x0 /home/perina/altera/14.1/nios2eds/bin/gnu/H-x86_64-pc-linux-gnu/bin/../lib/gcc/nios2-elf/4.8.3/../../../../../H-x86_64-pc-linux-gnu/nios2-elf/lib/mno-hw-mul/libc.a(lib_a-printf.o)
 .bss           0x00000000000934f0        0x0 /home/perina/altera/14.1/nios2eds/bin/gnu/H-x86_64-pc-linux-gnu/bin/../lib/gcc/nios2-elf/4.8.3/../../../../../H-x86_64-pc-linux-gnu/nios2-elf/lib/mno-hw-mul/libc.a(lib_a-puts.o)
 .bss           0x00000000000934f0        0x0 /home/perina/altera/14.1/nios2eds/bin/gnu/H-x86_64-pc-linux-gnu/bin/../lib/gcc/nios2-elf/4.8.3/../../../../../H-x86_64-pc-linux-gnu/nios2-elf/lib/mno-hw-mul/libc.a(lib_a-rget.o)
 .bss           0x00000000000934f0        0x0 /home/perina/altera/14.1/nios2eds/bin/gnu/H-x86_64-pc-linux-gnu/bin/../lib/gcc/nios2-elf/4.8.3/../../../../../H-x86_64-pc-linux-gnu/nios2-elf/lib/mno-hw-mul/libc.a(lib_a-strlen.o)
 .bss           0x00000000000934f0        0x0 /home/perina/altera/14.1/nios2eds/bin/gnu/H-x86_64-pc-linux-gnu/bin/../lib/gcc/nios2-elf/4.8.3/../../../../../H-x86_64-pc-linux-gnu/nios2-elf/lib/mno-hw-mul/libc.a(lib_a-vfprintf.o)
 .bss           0x00000000000934f0        0x0 /home/perina/altera/14.1/nios2eds/bin/gnu/H-x86_64-pc-linux-gnu/bin/../lib/gcc/nios2-elf/4.8.3/../../../../../H-x86_64-pc-linux-gnu/nios2-elf/lib/mno-hw-mul/libc.a(lib_a-wsetup.o)
 .bss           0x00000000000934f0        0x0 /home/perina/altera/14.1/nios2eds/bin/gnu/H-x86_64-pc-linux-gnu/bin/../lib/gcc/nios2-elf/4.8.3/../../../../../H-x86_64-pc-linux-gnu/nios2-elf/lib/mno-hw-mul/libc.a(lib_a-dtoa.o)
 .bss           0x00000000000934f0        0x0 /home/perina/altera/14.1/nios2eds/bin/gnu/H-x86_64-pc-linux-gnu/bin/../lib/gcc/nios2-elf/4.8.3/../../../../../H-x86_64-pc-linux-gnu/nios2-elf/lib/mno-hw-mul/libc.a(lib_a-fflush.o)
 .bss           0x00000000000934f0        0x0 /home/perina/altera/14.1/nios2eds/bin/gnu/H-x86_64-pc-linux-gnu/bin/../lib/gcc/nios2-elf/4.8.3/../../../../../H-x86_64-pc-linux-gnu/nios2-elf/lib/mno-hw-mul/libc.a(lib_a-findfp.o)
 .bss           0x00000000000934f0        0x0 /home/perina/altera/14.1/nios2eds/bin/gnu/H-x86_64-pc-linux-gnu/bin/../lib/gcc/nios2-elf/4.8.3/../../../../../H-x86_64-pc-linux-gnu/nios2-elf/lib/mno-hw-mul/libc.a(lib_a-freer.o)
 .bss           0x00000000000934f0        0x0 /home/perina/altera/14.1/nios2eds/bin/gnu/H-x86_64-pc-linux-gnu/bin/../lib/gcc/nios2-elf/4.8.3/../../../../../H-x86_64-pc-linux-gnu/nios2-elf/lib/mno-hw-mul/libc.a(lib_a-fvwrite.o)
 .bss           0x00000000000934f0        0x0 /home/perina/altera/14.1/nios2eds/bin/gnu/H-x86_64-pc-linux-gnu/bin/../lib/gcc/nios2-elf/4.8.3/../../../../../H-x86_64-pc-linux-gnu/nios2-elf/lib/mno-hw-mul/libc.a(lib_a-fwalk.o)
 .bss           0x00000000000934f0        0x0 /home/perina/altera/14.1/nios2eds/bin/gnu/H-x86_64-pc-linux-gnu/bin/../lib/gcc/nios2-elf/4.8.3/../../../../../H-x86_64-pc-linux-gnu/nios2-elf/lib/mno-hw-mul/libc.a(lib_a-locale.o)
 .bss           0x00000000000934f0        0x0 /home/perina/altera/14.1/nios2eds/bin/gnu/H-x86_64-pc-linux-gnu/bin/../lib/gcc/nios2-elf/4.8.3/../../../../../H-x86_64-pc-linux-gnu/nios2-elf/lib/mno-hw-mul/libc.a(lib_a-makebuf.o)
 .bss           0x00000000000934f0       0x28 /home/perina/altera/14.1/nios2eds/bin/gnu/H-x86_64-pc-linux-gnu/bin/../lib/gcc/nios2-elf/4.8.3/../../../../../H-x86_64-pc-linux-gnu/nios2-elf/lib/mno-hw-mul/libc.a(lib_a-mallocr.o)
                0x00000000000934f0                __malloc_current_mallinfo
 .bss           0x0000000000093518        0x0 /home/perina/altera/14.1/nios2eds/bin/gnu/H-x86_64-pc-linux-gnu/bin/../lib/gcc/nios2-elf/4.8.3/../../../../../H-x86_64-pc-linux-gnu/nios2-elf/lib/mno-hw-mul/libc.a(lib_a-memchr.o)
 .bss           0x0000000000093518        0x0 /home/perina/altera/14.1/nios2eds/bin/gnu/H-x86_64-pc-linux-gnu/bin/../lib/gcc/nios2-elf/4.8.3/../../../../../H-x86_64-pc-linux-gnu/nios2-elf/lib/mno-hw-mul/libc.a(lib_a-memcpy.o)
 .bss           0x0000000000093518        0x0 /home/perina/altera/14.1/nios2eds/bin/gnu/H-x86_64-pc-linux-gnu/bin/../lib/gcc/nios2-elf/4.8.3/../../../../../H-x86_64-pc-linux-gnu/nios2-elf/lib/mno-hw-mul/libc.a(lib_a-memmove.o)
 .bss           0x0000000000093518        0x0 /home/perina/altera/14.1/nios2eds/bin/gnu/H-x86_64-pc-linux-gnu/bin/../lib/gcc/nios2-elf/4.8.3/../../../../../H-x86_64-pc-linux-gnu/nios2-elf/lib/mno-hw-mul/libc.a(lib_a-memset.o)
 .bss           0x0000000000093518        0x0 /home/perina/altera/14.1/nios2eds/bin/gnu/H-x86_64-pc-linux-gnu/bin/../lib/gcc/nios2-elf/4.8.3/../../../../../H-x86_64-pc-linux-gnu/nios2-elf/lib/mno-hw-mul/libc.a(lib_a-mprec.o)
 .bss           0x0000000000093518        0x0 /home/perina/altera/14.1/nios2eds/bin/gnu/H-x86_64-pc-linux-gnu/bin/../lib/gcc/nios2-elf/4.8.3/../../../../../H-x86_64-pc-linux-gnu/nios2-elf/lib/mno-hw-mul/libc.a(lib_a-reallocr.o)
 .bss           0x0000000000093518        0x0 /home/perina/altera/14.1/nios2eds/bin/gnu/H-x86_64-pc-linux-gnu/bin/../lib/gcc/nios2-elf/4.8.3/../../../../../H-x86_64-pc-linux-gnu/nios2-elf/lib/mno-hw-mul/libc.a(lib_a-refill.o)
 .bss           0x0000000000093518        0x0 /home/perina/altera/14.1/nios2eds/bin/gnu/H-x86_64-pc-linux-gnu/bin/../lib/gcc/nios2-elf/4.8.3/../../../../../H-x86_64-pc-linux-gnu/nios2-elf/lib/mno-hw-mul/libc.a(lib_a-s_fpclassify.o)
 .bss           0x0000000000093518        0x0 /home/perina/altera/14.1/nios2eds/bin/gnu/H-x86_64-pc-linux-gnu/bin/../lib/gcc/nios2-elf/4.8.3/../../../../../H-x86_64-pc-linux-gnu/nios2-elf/lib/mno-hw-mul/libc.a(lib_a-sbrkr.o)
 .bss           0x0000000000093518        0x0 /home/perina/altera/14.1/nios2eds/bin/gnu/H-x86_64-pc-linux-gnu/bin/../lib/gcc/nios2-elf/4.8.3/../../../../../H-x86_64-pc-linux-gnu/nios2-elf/lib/mno-hw-mul/libc.a(lib_a-stdio.o)
 .bss           0x0000000000093518        0x0 /home/perina/altera/14.1/nios2eds/bin/gnu/H-x86_64-pc-linux-gnu/bin/../lib/gcc/nios2-elf/4.8.3/../../../../../H-x86_64-pc-linux-gnu/nios2-elf/lib/mno-hw-mul/libc.a(lib_a-strcmp.o)
 .bss           0x0000000000093518        0x0 /home/perina/altera/14.1/nios2eds/bin/gnu/H-x86_64-pc-linux-gnu/bin/../lib/gcc/nios2-elf/4.8.3/../../../../../H-x86_64-pc-linux-gnu/nios2-elf/lib/mno-hw-mul/libc.a(lib_a-vfiprintf.o)
 .bss           0x0000000000093518        0x0 /home/perina/altera/14.1/nios2eds/bin/gnu/H-x86_64-pc-linux-gnu/bin/../lib/gcc/nios2-elf/4.8.3/../../../../../H-x86_64-pc-linux-gnu/nios2-elf/lib/mno-hw-mul/libc.a(lib_a-writer.o)
 .bss           0x0000000000093518        0x0 /home/perina/altera/14.1/nios2eds/bin/gnu/H-x86_64-pc-linux-gnu/bin/../lib/gcc/nios2-elf/4.8.3/../../../../../H-x86_64-pc-linux-gnu/nios2-elf/lib/mno-hw-mul/libc.a(closer.o)
 .bss           0x0000000000093518        0x0 /home/perina/altera/14.1/nios2eds/bin/gnu/H-x86_64-pc-linux-gnu/bin/../lib/gcc/nios2-elf/4.8.3/../../../../../H-x86_64-pc-linux-gnu/nios2-elf/lib/mno-hw-mul/libc.a(lib_a-callocr.o)
 .bss           0x0000000000093518        0x0 /home/perina/altera/14.1/nios2eds/bin/gnu/H-x86_64-pc-linux-gnu/bin/../lib/gcc/nios2-elf/4.8.3/../../../../../H-x86_64-pc-linux-gnu/nios2-elf/lib/mno-hw-mul/libc.a(lib_a-fclose.o)
 .bss           0x0000000000093518        0x0 /home/perina/altera/14.1/nios2eds/bin/gnu/H-x86_64-pc-linux-gnu/bin/../lib/gcc/nios2-elf/4.8.3/../../../../../H-x86_64-pc-linux-gnu/nios2-elf/lib/mno-hw-mul/libc.a(lib_a-fputwc.o)
 .bss           0x0000000000093518        0x0 /home/perina/altera/14.1/nios2eds/bin/gnu/H-x86_64-pc-linux-gnu/bin/../lib/gcc/nios2-elf/4.8.3/../../../../../H-x86_64-pc-linux-gnu/nios2-elf/lib/mno-hw-mul/libc.a(lib_a-fstatr.o)
 .bss           0x0000000000093518        0x0 /home/perina/altera/14.1/nios2eds/bin/gnu/H-x86_64-pc-linux-gnu/bin/../lib/gcc/nios2-elf/4.8.3/../../../../../H-x86_64-pc-linux-gnu/nios2-elf/lib/mno-hw-mul/libc.a(lib_a-int_errno.o)
 .bss           0x0000000000093518        0x0 /home/perina/altera/14.1/nios2eds/bin/gnu/H-x86_64-pc-linux-gnu/bin/../lib/gcc/nios2-elf/4.8.3/../../../../../H-x86_64-pc-linux-gnu/nios2-elf/lib/mno-hw-mul/libc.a(lib_a-isattyr.o)
 .bss           0x0000000000093518        0x0 /home/perina/altera/14.1/nios2eds/bin/gnu/H-x86_64-pc-linux-gnu/bin/../lib/gcc/nios2-elf/4.8.3/../../../../../H-x86_64-pc-linux-gnu/nios2-elf/lib/mno-hw-mul/libc.a(lib_a-lseekr.o)
 .bss           0x0000000000093518        0x0 /home/perina/altera/14.1/nios2eds/bin/gnu/H-x86_64-pc-linux-gnu/bin/../lib/gcc/nios2-elf/4.8.3/../../../../../H-x86_64-pc-linux-gnu/nios2-elf/lib/mno-hw-mul/libc.a(lib_a-readr.o)
 .bss           0x0000000000093518        0x0 /home/perina/altera/14.1/nios2eds/bin/gnu/H-x86_64-pc-linux-gnu/bin/../lib/gcc/nios2-elf/4.8.3/../../../../../H-x86_64-pc-linux-gnu/nios2-elf/lib/mno-hw-mul/libc.a(lib_a-wbuf.o)
 .bss           0x0000000000093518        0x0 /home/perina/altera/14.1/nios2eds/bin/gnu/H-x86_64-pc-linux-gnu/bin/../lib/gcc/nios2-elf/4.8.3/../../../../../H-x86_64-pc-linux-gnu/nios2-elf/lib/mno-hw-mul/libc.a(lib_a-wcrtomb.o)
 .bss           0x0000000000093518        0x0 /home/perina/altera/14.1/nios2eds/bin/gnu/H-x86_64-pc-linux-gnu/bin/../lib/gcc/nios2-elf/4.8.3/../../../../../H-x86_64-pc-linux-gnu/nios2-elf/lib/mno-hw-mul/libc.a(lib_a-wctomb_r.o)
 .bss           0x0000000000093518        0x0 /home/perina/altera/14.1/nios2eds/bin/gnu/H-x86_64-pc-linux-gnu/bin/../lib/gcc/nios2-elf/4.8.3/mno-hw-mul/libgcc.a(_udivdi3.o)
 .bss           0x0000000000093518        0x0 /home/perina/altera/14.1/nios2eds/bin/gnu/H-x86_64-pc-linux-gnu/bin/../lib/gcc/nios2-elf/4.8.3/mno-hw-mul/libgcc.a(_umoddi3.o)
 .bss           0x0000000000093518        0x0 /home/perina/altera/14.1/nios2eds/bin/gnu/H-x86_64-pc-linux-gnu/bin/../lib/gcc/nios2-elf/4.8.3/mno-hw-mul/libgcc.a(lib2-divmod.o)
 .bss           0x0000000000093518        0x0 /home/perina/altera/14.1/nios2eds/bin/gnu/H-x86_64-pc-linux-gnu/bin/../lib/gcc/nios2-elf/4.8.3/mno-hw-mul/libgcc.a(lib2-mul.o)
 .bss           0x0000000000093518        0x0 /home/perina/altera/14.1/nios2eds/bin/gnu/H-x86_64-pc-linux-gnu/bin/../lib/gcc/nios2-elf/4.8.3/mno-hw-mul/libgcc.a(adddf3.o)
 .bss           0x0000000000093518        0x0 /home/perina/altera/14.1/nios2eds/bin/gnu/H-x86_64-pc-linux-gnu/bin/../lib/gcc/nios2-elf/4.8.3/mno-hw-mul/libgcc.a(divdf3.o)
 .bss           0x0000000000093518        0x0 /home/perina/altera/14.1/nios2eds/bin/gnu/H-x86_64-pc-linux-gnu/bin/../lib/gcc/nios2-elf/4.8.3/mno-hw-mul/libgcc.a(eqdf2.o)
 .bss           0x0000000000093518        0x0 /home/perina/altera/14.1/nios2eds/bin/gnu/H-x86_64-pc-linux-gnu/bin/../lib/gcc/nios2-elf/4.8.3/mno-hw-mul/libgcc.a(gedf2.o)
 .bss           0x0000000000093518        0x0 /home/perina/altera/14.1/nios2eds/bin/gnu/H-x86_64-pc-linux-gnu/bin/../lib/gcc/nios2-elf/4.8.3/mno-hw-mul/libgcc.a(ledf2.o)
 .bss           0x0000000000093518        0x0 /home/perina/altera/14.1/nios2eds/bin/gnu/H-x86_64-pc-linux-gnu/bin/../lib/gcc/nios2-elf/4.8.3/mno-hw-mul/libgcc.a(muldf3.o)
 .bss           0x0000000000093518        0x0 /home/perina/altera/14.1/nios2eds/bin/gnu/H-x86_64-pc-linux-gnu/bin/../lib/gcc/nios2-elf/4.8.3/mno-hw-mul/libgcc.a(subdf3.o)
 .bss           0x0000000000093518        0x0 /home/perina/altera/14.1/nios2eds/bin/gnu/H-x86_64-pc-linux-gnu/bin/../lib/gcc/nios2-elf/4.8.3/mno-hw-mul/libgcc.a(fixdfsi.o)
 .bss           0x0000000000093518        0x0 /home/perina/altera/14.1/nios2eds/bin/gnu/H-x86_64-pc-linux-gnu/bin/../lib/gcc/nios2-elf/4.8.3/mno-hw-mul/libgcc.a(floatsidf.o)
 .bss           0x0000000000093518        0x0 /home/perina/altera/14.1/nios2eds/bin/gnu/H-x86_64-pc-linux-gnu/bin/../lib/gcc/nios2-elf/4.8.3/mno-hw-mul/libgcc.a(floatunsidf.o)
 .bss           0x0000000000093518        0x0 /home/perina/altera/14.1/nios2eds/bin/gnu/H-x86_64-pc-linux-gnu/bin/../lib/gcc/nios2-elf/4.8.3/mno-hw-mul/libgcc.a(_clz.o)
 .bss           0x0000000000093518        0x0 /home/perina/altera/14.1/nios2eds/bin/gnu/H-x86_64-pc-linux-gnu/bin/../lib/gcc/nios2-elf/4.8.3/mno-hw-mul/libgcc.a(_clzsi2.o)
 .bss           0x0000000000093518        0x0 ../BitstreamLoader_bsp//libhal_bsp.a(alt_close.o)
 .bss           0x0000000000093518        0x0 ../BitstreamLoader_bsp//libhal_bsp.a(alt_dev.o)
 .bss           0x0000000000093518        0x0 ../BitstreamLoader_bsp//libhal_bsp.a(alt_errno.o)
 .bss           0x0000000000093518        0x0 ../BitstreamLoader_bsp//libhal_bsp.a(alt_fstat.o)
 .bss           0x0000000000093518        0x0 ../BitstreamLoader_bsp//libhal_bsp.a(alt_isatty.o)
 .bss           0x0000000000093518        0x0 ../BitstreamLoader_bsp//libhal_bsp.a(alt_load.o)
 .bss           0x0000000000093518        0x0 ../BitstreamLoader_bsp//libhal_bsp.a(alt_lseek.o)
 .bss           0x0000000000093518        0x0 ../BitstreamLoader_bsp//libhal_bsp.a(alt_main.o)
 .bss           0x0000000000093518        0x0 ../BitstreamLoader_bsp//libhal_bsp.a(alt_malloc_lock.o)
 .bss           0x0000000000093518        0x0 ../BitstreamLoader_bsp//libhal_bsp.a(alt_read.o)
 .bss           0x0000000000093518        0x0 ../BitstreamLoader_bsp//libhal_bsp.a(alt_release_fd.o)
 .bss           0x0000000000093518        0x0 ../BitstreamLoader_bsp//libhal_bsp.a(alt_sbrk.o)
 .bss           0x0000000000093518        0x0 ../BitstreamLoader_bsp//libhal_bsp.a(alt_write.o)
 .bss           0x0000000000093518        0x0 ../BitstreamLoader_bsp//libhal_bsp.a(alt_sys_init.o)
 .bss           0x0000000000093518        0x0 ../BitstreamLoader_bsp//libhal_bsp.a(altera_avalon_jtag_uart_fd.o)
 .bss           0x0000000000093518        0x0 ../BitstreamLoader_bsp//libhal_bsp.a(altera_avalon_jtag_uart_init.o)
 .bss           0x0000000000093518        0x0 ../BitstreamLoader_bsp//libhal_bsp.a(altera_avalon_jtag_uart_ioctl.o)
 .bss           0x0000000000093518        0x0 ../BitstreamLoader_bsp//libhal_bsp.a(altera_avalon_jtag_uart_read.o)
 .bss           0x0000000000093518        0x0 ../BitstreamLoader_bsp//libhal_bsp.a(altera_avalon_jtag_uart_write.o)
 .bss           0x0000000000093518        0x0 ../BitstreamLoader_bsp//libhal_bsp.a(altera_avalon_timer_sc.o)
 .bss           0x0000000000093518        0x0 ../BitstreamLoader_bsp//libhal_bsp.a(alt_alarm_start.o)
 .bss           0x0000000000093518        0x0 ../BitstreamLoader_bsp//libhal_bsp.a(alt_dcache_flush_all.o)
 .bss           0x0000000000093518        0x0 ../BitstreamLoader_bsp//libhal_bsp.a(alt_dev_llist_insert.o)
 .bss           0x0000000000093518        0x0 ../BitstreamLoader_bsp//libhal_bsp.a(alt_do_ctors.o)
 .bss           0x0000000000093518        0x0 ../BitstreamLoader_bsp//libhal_bsp.a(alt_do_dtors.o)
 .bss           0x0000000000093518        0x0 ../BitstreamLoader_bsp//libhal_bsp.a(alt_icache_flush_all.o)
 .bss           0x0000000000093518        0x0 ../BitstreamLoader_bsp//libhal_bsp.a(alt_iic.o)
 .bss           0x0000000000093518        0x0 ../BitstreamLoader_bsp//libhal_bsp.a(alt_iic_isr_register.o)
 .bss           0x0000000000093518        0x0 ../BitstreamLoader_bsp//libhal_bsp.a(alt_io_redirect.o)
 .bss           0x0000000000093518        0x0 ../BitstreamLoader_bsp//libhal_bsp.a(alt_irq_entry.o)
 .bss           0x0000000000093518        0x0 ../BitstreamLoader_bsp//libhal_bsp.a(alt_irq_handler.o)
 .bss           0x0000000000093518        0x0 ../BitstreamLoader_bsp//libhal_bsp.a(alt_irq_vars.o)
 .bss           0x0000000000093518        0x0 ../BitstreamLoader_bsp//libhal_bsp.a(alt_open.o)
 .bss           0x0000000000093518        0x0 ../BitstreamLoader_bsp//libhal_bsp.a(alt_tick.o)
 .bss           0x0000000000093518        0x0 ../BitstreamLoader_bsp//libhal_bsp.a(altera_nios2_gen2_irq.o)
 .bss           0x0000000000093518        0x0 ../BitstreamLoader_bsp//libhal_bsp.a(alt_exception_entry.o)
 .bss           0x0000000000093518        0x0 ../BitstreamLoader_bsp//libhal_bsp.a(alt_find_dev.o)
 .bss           0x0000000000093518        0x0 ../BitstreamLoader_bsp//libhal_bsp.a(alt_find_file.o)
 .bss           0x0000000000093518        0x0 ../BitstreamLoader_bsp//libhal_bsp.a(alt_get_fd.o)
 .bss           0x0000000000093518        0x0 ../BitstreamLoader_bsp//libhal_bsp.a(alt_instruction_exception_entry.o)
 .bss           0x0000000000093518        0x0 /home/perina/altera/14.1/nios2eds/bin/gnu/H-x86_64-pc-linux-gnu/bin/../lib/gcc/nios2-elf/4.8.3/../../../../../H-x86_64-pc-linux-gnu/nios2-elf/lib/mno-hw-mul/libc.a(lib_a-atexit.o)
 .bss           0x0000000000093518        0x0 /home/perina/altera/14.1/nios2eds/bin/gnu/H-x86_64-pc-linux-gnu/bin/../lib/gcc/nios2-elf/4.8.3/../../../../../H-x86_64-pc-linux-gnu/nios2-elf/lib/mno-hw-mul/libc.a(lib_a-exit.o)
 .bss           0x0000000000093518        0x0 /home/perina/altera/14.1/nios2eds/bin/gnu/H-x86_64-pc-linux-gnu/bin/../lib/gcc/nios2-elf/4.8.3/../../../../../H-x86_64-pc-linux-gnu/nios2-elf/lib/mno-hw-mul/libc.a(lib_a-memcmp.o)
 .bss           0x0000000000093518        0x0 /home/perina/altera/14.1/nios2eds/bin/gnu/H-x86_64-pc-linux-gnu/bin/../lib/gcc/nios2-elf/4.8.3/../../../../../H-x86_64-pc-linux-gnu/nios2-elf/lib/mno-hw-mul/libc.a(lib_a-__atexit.o)
 .bss           0x0000000000093518        0x0 /home/perina/altera/14.1/nios2eds/bin/gnu/H-x86_64-pc-linux-gnu/bin/../lib/gcc/nios2-elf/4.8.3/../../../../../H-x86_64-pc-linux-gnu/nios2-elf/lib/mno-hw-mul/libc.a(lib_a-__call_atexit.o)
 .bss           0x0000000000093518        0x0 ../BitstreamLoader_bsp//libhal_bsp.a(alt_exit.o)
 *(COMMON)
 COMMON         0x0000000000093518      0x100 ../BitstreamLoader_bsp//libhal_bsp.a(alt_irq_handler.o)
                0x0000000000093518                alt_irq
                0x0000000000093618                . = ALIGN (0x4)
                0x0000000000093618                __bss_end = ABSOLUTE (.)

.onchip_memory2
                0x0000000000093618        0x0
                0x0000000000093618                PROVIDE (_alt_partition_onchip_memory2_start, ABSOLUTE (.))
 *(.onchip_memory2 .onchip_memory2. onchip_memory2.*)
                0x0000000000093618                . = ALIGN (0x4)
                0x0000000000093618                PROVIDE (_alt_partition_onchip_memory2_end, ABSOLUTE (.))
                0x0000000000093618                _end = ABSOLUTE (.)
                0x0000000000093618                end = ABSOLUTE (.)
                0x0000000000093618                __alt_stack_base = ABSOLUTE (.)
                0x0000000000093618                PROVIDE (_alt_partition_onchip_memory2_load_addr, LOADADDR (.onchip_memory2))

.bitstream_memory
                0x0000000000100000        0x0 load address 0x0000000000093618
                0x0000000000100000                PROVIDE (_alt_partition_bitstream_memory_start, ABSOLUTE (.))
 *(.bitstream_memory .bitstream_memory. bitstream_memory.*)
                0x0000000000100000                . = ALIGN (0x4)
                0x0000000000100000                PROVIDE (_alt_partition_bitstream_memory_end, ABSOLUTE (.))
                0x0000000000093618                PROVIDE (_alt_partition_bitstream_memory_load_addr, LOADADDR (.bitstream_memory))

.stab
 *(.stab)

.stabstr
 *(.stabstr)

.stab.excl
 *(.stab.excl)

.stab.exclstr
 *(.stab.exclstr)

.stab.index
 *(.stab.index)

.stab.indexstr
 *(.stab.indexstr)

.comment        0x0000000000000000       0x39
 *(.comment)
 .comment       0x0000000000000000       0x39 obj/default/main.o
                                         0x3a (size before relaxing)
 .comment       0x0000000000000000       0x3a /home/perina/altera/14.1/nios2eds/bin/gnu/H-x86_64-pc-linux-gnu/bin/../lib/gcc/nios2-elf/4.8.3/../../../../../H-x86_64-pc-linux-gnu/nios2-elf/lib/mno-hw-mul/libc.a(lib_a-getc.o)
 .comment       0x0000000000000000       0x3a /home/perina/altera/14.1/nios2eds/bin/gnu/H-x86_64-pc-linux-gnu/bin/../lib/gcc/nios2-elf/4.8.3/../../../../../H-x86_64-pc-linux-gnu/nios2-elf/lib/mno-hw-mul/libc.a(lib_a-impure.o)
 .comment       0x0000000000000000       0x3a /home/perina/altera/14.1/nios2eds/bin/gnu/H-x86_64-pc-linux-gnu/bin/../lib/gcc/nios2-elf/4.8.3/../../../../../H-x86_64-pc-linux-gnu/nios2-elf/lib/mno-hw-mul/libc.a(lib_a-printf.o)
 .comment       0x0000000000000000       0x3a /home/perina/altera/14.1/nios2eds/bin/gnu/H-x86_64-pc-linux-gnu/bin/../lib/gcc/nios2-elf/4.8.3/../../../../../H-x86_64-pc-linux-gnu/nios2-elf/lib/mno-hw-mul/libc.a(lib_a-puts.o)
 .comment       0x0000000000000000       0x3a /home/perina/altera/14.1/nios2eds/bin/gnu/H-x86_64-pc-linux-gnu/bin/../lib/gcc/nios2-elf/4.8.3/../../../../../H-x86_64-pc-linux-gnu/nios2-elf/lib/mno-hw-mul/libc.a(lib_a-rget.o)
 .comment       0x0000000000000000       0x3a /home/perina/altera/14.1/nios2eds/bin/gnu/H-x86_64-pc-linux-gnu/bin/../lib/gcc/nios2-elf/4.8.3/../../../../../H-x86_64-pc-linux-gnu/nios2-elf/lib/mno-hw-mul/libc.a(lib_a-strlen.o)
 .comment       0x0000000000000000       0x3a /home/perina/altera/14.1/nios2eds/bin/gnu/H-x86_64-pc-linux-gnu/bin/../lib/gcc/nios2-elf/4.8.3/../../../../../H-x86_64-pc-linux-gnu/nios2-elf/lib/mno-hw-mul/libc.a(lib_a-vfprintf.o)
 .comment       0x0000000000000000       0x3a /home/perina/altera/14.1/nios2eds/bin/gnu/H-x86_64-pc-linux-gnu/bin/../lib/gcc/nios2-elf/4.8.3/../../../../../H-x86_64-pc-linux-gnu/nios2-elf/lib/mno-hw-mul/libc.a(lib_a-wsetup.o)
 .comment       0x0000000000000000       0x3a /home/perina/altera/14.1/nios2eds/bin/gnu/H-x86_64-pc-linux-gnu/bin/../lib/gcc/nios2-elf/4.8.3/../../../../../H-x86_64-pc-linux-gnu/nios2-elf/lib/mno-hw-mul/libc.a(lib_a-dtoa.o)
 .comment       0x0000000000000000       0x3a /home/perina/altera/14.1/nios2eds/bin/gnu/H-x86_64-pc-linux-gnu/bin/../lib/gcc/nios2-elf/4.8.3/../../../../../H-x86_64-pc-linux-gnu/nios2-elf/lib/mno-hw-mul/libc.a(lib_a-fflush.o)
 .comment       0x0000000000000000       0x3a /home/perina/altera/14.1/nios2eds/bin/gnu/H-x86_64-pc-linux-gnu/bin/../lib/gcc/nios2-elf/4.8.3/../../../../../H-x86_64-pc-linux-gnu/nios2-elf/lib/mno-hw-mul/libc.a(lib_a-findfp.o)
 .comment       0x0000000000000000       0x3a /home/perina/altera/14.1/nios2eds/bin/gnu/H-x86_64-pc-linux-gnu/bin/../lib/gcc/nios2-elf/4.8.3/../../../../../H-x86_64-pc-linux-gnu/nios2-elf/lib/mno-hw-mul/libc.a(lib_a-freer.o)
 .comment       0x0000000000000000       0x3a /home/perina/altera/14.1/nios2eds/bin/gnu/H-x86_64-pc-linux-gnu/bin/../lib/gcc/nios2-elf/4.8.3/../../../../../H-x86_64-pc-linux-gnu/nios2-elf/lib/mno-hw-mul/libc.a(lib_a-fvwrite.o)
 .comment       0x0000000000000000       0x3a /home/perina/altera/14.1/nios2eds/bin/gnu/H-x86_64-pc-linux-gnu/bin/../lib/gcc/nios2-elf/4.8.3/../../../../../H-x86_64-pc-linux-gnu/nios2-elf/lib/mno-hw-mul/libc.a(lib_a-fwalk.o)
 .comment       0x0000000000000000       0x3a /home/perina/altera/14.1/nios2eds/bin/gnu/H-x86_64-pc-linux-gnu/bin/../lib/gcc/nios2-elf/4.8.3/../../../../../H-x86_64-pc-linux-gnu/nios2-elf/lib/mno-hw-mul/libc.a(lib_a-locale.o)
 .comment       0x0000000000000000       0x3a /home/perina/altera/14.1/nios2eds/bin/gnu/H-x86_64-pc-linux-gnu/bin/../lib/gcc/nios2-elf/4.8.3/../../../../../H-x86_64-pc-linux-gnu/nios2-elf/lib/mno-hw-mul/libc.a(lib_a-makebuf.o)
 .comment       0x0000000000000000       0x3a /home/perina/altera/14.1/nios2eds/bin/gnu/H-x86_64-pc-linux-gnu/bin/../lib/gcc/nios2-elf/4.8.3/../../../../../H-x86_64-pc-linux-gnu/nios2-elf/lib/mno-hw-mul/libc.a(lib_a-mallocr.o)
 .comment       0x0000000000000000       0x3a /home/perina/altera/14.1/nios2eds/bin/gnu/H-x86_64-pc-linux-gnu/bin/../lib/gcc/nios2-elf/4.8.3/../../../../../H-x86_64-pc-linux-gnu/nios2-elf/lib/mno-hw-mul/libc.a(lib_a-memchr.o)
 .comment       0x0000000000000000       0x3a /home/perina/altera/14.1/nios2eds/bin/gnu/H-x86_64-pc-linux-gnu/bin/../lib/gcc/nios2-elf/4.8.3/../../../../../H-x86_64-pc-linux-gnu/nios2-elf/lib/mno-hw-mul/libc.a(lib_a-memcpy.o)
 .comment       0x0000000000000000       0x3a /home/perina/altera/14.1/nios2eds/bin/gnu/H-x86_64-pc-linux-gnu/bin/../lib/gcc/nios2-elf/4.8.3/../../../../../H-x86_64-pc-linux-gnu/nios2-elf/lib/mno-hw-mul/libc.a(lib_a-memmove.o)
 .comment       0x0000000000000000       0x3a /home/perina/altera/14.1/nios2eds/bin/gnu/H-x86_64-pc-linux-gnu/bin/../lib/gcc/nios2-elf/4.8.3/../../../../../H-x86_64-pc-linux-gnu/nios2-elf/lib/mno-hw-mul/libc.a(lib_a-memset.o)
 .comment       0x0000000000000000       0x3a /home/perina/altera/14.1/nios2eds/bin/gnu/H-x86_64-pc-linux-gnu/bin/../lib/gcc/nios2-elf/4.8.3/../../../../../H-x86_64-pc-linux-gnu/nios2-elf/lib/mno-hw-mul/libc.a(lib_a-mprec.o)
 .comment       0x0000000000000000       0x3a /home/perina/altera/14.1/nios2eds/bin/gnu/H-x86_64-pc-linux-gnu/bin/../lib/gcc/nios2-elf/4.8.3/../../../../../H-x86_64-pc-linux-gnu/nios2-elf/lib/mno-hw-mul/libc.a(lib_a-reallocr.o)
 .comment       0x0000000000000000       0x3a /home/perina/altera/14.1/nios2eds/bin/gnu/H-x86_64-pc-linux-gnu/bin/../lib/gcc/nios2-elf/4.8.3/../../../../../H-x86_64-pc-linux-gnu/nios2-elf/lib/mno-hw-mul/libc.a(lib_a-refill.o)
 .comment       0x0000000000000000       0x3a /home/perina/altera/14.1/nios2eds/bin/gnu/H-x86_64-pc-linux-gnu/bin/../lib/gcc/nios2-elf/4.8.3/../../../../../H-x86_64-pc-linux-gnu/nios2-elf/lib/mno-hw-mul/libc.a(lib_a-s_fpclassify.o)
 .comment       0x0000000000000000       0x3a /home/perina/altera/14.1/nios2eds/bin/gnu/H-x86_64-pc-linux-gnu/bin/../lib/gcc/nios2-elf/4.8.3/../../../../../H-x86_64-pc-linux-gnu/nios2-elf/lib/mno-hw-mul/libc.a(lib_a-sbrkr.o)
 .comment       0x0000000000000000       0x3a /home/perina/altera/14.1/nios2eds/bin/gnu/H-x86_64-pc-linux-gnu/bin/../lib/gcc/nios2-elf/4.8.3/../../../../../H-x86_64-pc-linux-gnu/nios2-elf/lib/mno-hw-mul/libc.a(lib_a-stdio.o)
 .comment       0x0000000000000000       0x3a /home/perina/altera/14.1/nios2eds/bin/gnu/H-x86_64-pc-linux-gnu/bin/../lib/gcc/nios2-elf/4.8.3/../../../../../H-x86_64-pc-linux-gnu/nios2-elf/lib/mno-hw-mul/libc.a(lib_a-strcmp.o)
 .comment       0x0000000000000000       0x3a /home/perina/altera/14.1/nios2eds/bin/gnu/H-x86_64-pc-linux-gnu/bin/../lib/gcc/nios2-elf/4.8.3/../../../../../H-x86_64-pc-linux-gnu/nios2-elf/lib/mno-hw-mul/libc.a(lib_a-vfiprintf.o)
 .comment       0x0000000000000000       0x3a /home/perina/altera/14.1/nios2eds/bin/gnu/H-x86_64-pc-linux-gnu/bin/../lib/gcc/nios2-elf/4.8.3/../../../../../H-x86_64-pc-linux-gnu/nios2-elf/lib/mno-hw-mul/libc.a(lib_a-writer.o)
 .comment       0x0000000000000000       0x3a /home/perina/altera/14.1/nios2eds/bin/gnu/H-x86_64-pc-linux-gnu/bin/../lib/gcc/nios2-elf/4.8.3/../../../../../H-x86_64-pc-linux-gnu/nios2-elf/lib/mno-hw-mul/libc.a(closer.o)
 .comment       0x0000000000000000       0x3a /home/perina/altera/14.1/nios2eds/bin/gnu/H-x86_64-pc-linux-gnu/bin/../lib/gcc/nios2-elf/4.8.3/../../../../../H-x86_64-pc-linux-gnu/nios2-elf/lib/mno-hw-mul/libc.a(lib_a-callocr.o)
 .comment       0x0000000000000000       0x3a /home/perina/altera/14.1/nios2eds/bin/gnu/H-x86_64-pc-linux-gnu/bin/../lib/gcc/nios2-elf/4.8.3/../../../../../H-x86_64-pc-linux-gnu/nios2-elf/lib/mno-hw-mul/libc.a(lib_a-fclose.o)
 .comment       0x0000000000000000       0x3a /home/perina/altera/14.1/nios2eds/bin/gnu/H-x86_64-pc-linux-gnu/bin/../lib/gcc/nios2-elf/4.8.3/../../../../../H-x86_64-pc-linux-gnu/nios2-elf/lib/mno-hw-mul/libc.a(lib_a-fputwc.o)
 .comment       0x0000000000000000       0x3a /home/perina/altera/14.1/nios2eds/bin/gnu/H-x86_64-pc-linux-gnu/bin/../lib/gcc/nios2-elf/4.8.3/../../../../../H-x86_64-pc-linux-gnu/nios2-elf/lib/mno-hw-mul/libc.a(lib_a-fstatr.o)
 .comment       0x0000000000000000       0x3a /home/perina/altera/14.1/nios2eds/bin/gnu/H-x86_64-pc-linux-gnu/bin/../lib/gcc/nios2-elf/4.8.3/../../../../../H-x86_64-pc-linux-gnu/nios2-elf/lib/mno-hw-mul/libc.a(lib_a-int_errno.o)
 .comment       0x0000000000000000       0x3a /home/perina/altera/14.1/nios2eds/bin/gnu/H-x86_64-pc-linux-gnu/bin/../lib/gcc/nios2-elf/4.8.3/../../../../../H-x86_64-pc-linux-gnu/nios2-elf/lib/mno-hw-mul/libc.a(lib_a-isattyr.o)
 .comment       0x0000000000000000       0x3a /home/perina/altera/14.1/nios2eds/bin/gnu/H-x86_64-pc-linux-gnu/bin/../lib/gcc/nios2-elf/4.8.3/../../../../../H-x86_64-pc-linux-gnu/nios2-elf/lib/mno-hw-mul/libc.a(lib_a-lseekr.o)
 .comment       0x0000000000000000       0x3a /home/perina/altera/14.1/nios2eds/bin/gnu/H-x86_64-pc-linux-gnu/bin/../lib/gcc/nios2-elf/4.8.3/../../../../../H-x86_64-pc-linux-gnu/nios2-elf/lib/mno-hw-mul/libc.a(lib_a-readr.o)
 .comment       0x0000000000000000       0x3a /home/perina/altera/14.1/nios2eds/bin/gnu/H-x86_64-pc-linux-gnu/bin/../lib/gcc/nios2-elf/4.8.3/../../../../../H-x86_64-pc-linux-gnu/nios2-elf/lib/mno-hw-mul/libc.a(lib_a-wbuf.o)
 .comment       0x0000000000000000       0x3a /home/perina/altera/14.1/nios2eds/bin/gnu/H-x86_64-pc-linux-gnu/bin/../lib/gcc/nios2-elf/4.8.3/../../../../../H-x86_64-pc-linux-gnu/nios2-elf/lib/mno-hw-mul/libc.a(lib_a-wcrtomb.o)
 .comment       0x0000000000000000       0x3a /home/perina/altera/14.1/nios2eds/bin/gnu/H-x86_64-pc-linux-gnu/bin/../lib/gcc/nios2-elf/4.8.3/../../../../../H-x86_64-pc-linux-gnu/nios2-elf/lib/mno-hw-mul/libc.a(lib_a-wctomb_r.o)
 .comment       0x0000000000000000       0x3a /home/perina/altera/14.1/nios2eds/bin/gnu/H-x86_64-pc-linux-gnu/bin/../lib/gcc/nios2-elf/4.8.3/mno-hw-mul/libgcc.a(_udivdi3.o)
 .comment       0x0000000000000000       0x3a /home/perina/altera/14.1/nios2eds/bin/gnu/H-x86_64-pc-linux-gnu/bin/../lib/gcc/nios2-elf/4.8.3/mno-hw-mul/libgcc.a(_umoddi3.o)
 .comment       0x0000000000000000       0x3a /home/perina/altera/14.1/nios2eds/bin/gnu/H-x86_64-pc-linux-gnu/bin/../lib/gcc/nios2-elf/4.8.3/mno-hw-mul/libgcc.a(lib2-divmod.o)
 .comment       0x0000000000000000       0x3a /home/perina/altera/14.1/nios2eds/bin/gnu/H-x86_64-pc-linux-gnu/bin/../lib/gcc/nios2-elf/4.8.3/mno-hw-mul/libgcc.a(lib2-mul.o)
 .comment       0x0000000000000000       0x3a /home/perina/altera/14.1/nios2eds/bin/gnu/H-x86_64-pc-linux-gnu/bin/../lib/gcc/nios2-elf/4.8.3/mno-hw-mul/libgcc.a(adddf3.o)
 .comment       0x0000000000000000       0x3a /home/perina/altera/14.1/nios2eds/bin/gnu/H-x86_64-pc-linux-gnu/bin/../lib/gcc/nios2-elf/4.8.3/mno-hw-mul/libgcc.a(divdf3.o)
 .comment       0x0000000000000000       0x3a /home/perina/altera/14.1/nios2eds/bin/gnu/H-x86_64-pc-linux-gnu/bin/../lib/gcc/nios2-elf/4.8.3/mno-hw-mul/libgcc.a(eqdf2.o)
 .comment       0x0000000000000000       0x3a /home/perina/altera/14.1/nios2eds/bin/gnu/H-x86_64-pc-linux-gnu/bin/../lib/gcc/nios2-elf/4.8.3/mno-hw-mul/libgcc.a(gedf2.o)
 .comment       0x0000000000000000       0x3a /home/perina/altera/14.1/nios2eds/bin/gnu/H-x86_64-pc-linux-gnu/bin/../lib/gcc/nios2-elf/4.8.3/mno-hw-mul/libgcc.a(ledf2.o)
 .comment       0x0000000000000000       0x3a /home/perina/altera/14.1/nios2eds/bin/gnu/H-x86_64-pc-linux-gnu/bin/../lib/gcc/nios2-elf/4.8.3/mno-hw-mul/libgcc.a(muldf3.o)
 .comment       0x0000000000000000       0x3a /home/perina/altera/14.1/nios2eds/bin/gnu/H-x86_64-pc-linux-gnu/bin/../lib/gcc/nios2-elf/4.8.3/mno-hw-mul/libgcc.a(subdf3.o)
 .comment       0x0000000000000000       0x3a /home/perina/altera/14.1/nios2eds/bin/gnu/H-x86_64-pc-linux-gnu/bin/../lib/gcc/nios2-elf/4.8.3/mno-hw-mul/libgcc.a(fixdfsi.o)
 .comment       0x0000000000000000       0x3a /home/perina/altera/14.1/nios2eds/bin/gnu/H-x86_64-pc-linux-gnu/bin/../lib/gcc/nios2-elf/4.8.3/mno-hw-mul/libgcc.a(floatsidf.o)